Component: ARM Compiler 5.05 update 1 (build 106) Tool: armlink [4d0efa]

==============================================================================

Section Cross References

    hw_config.o(i.ADC_Random_Config) refers to stm32f4xx_rcc.o(i.RCC_AHB1PeriphClockCmd) for RCC_AHB1PeriphClockCmd
    hw_config.o(i.ADC_Random_Config) refers to stm32f4xx_rcc.o(i.RCC_APB2PeriphClockCmd) for RCC_APB2PeriphClockCmd
    hw_config.o(i.ADC_Random_Config) refers to stm32f4xx_gpio.o(i.GPIO_Init) for GPIO_Init
    hw_config.o(i.ADC_Random_Config) refers to stm32f4xx_adc.o(i.ADC_CommonInit) for ADC_CommonInit
    hw_config.o(i.ADC_Random_Config) refers to stm32f4xx_adc.o(i.ADC_Init) for ADC_Init
    hw_config.o(i.ADC_Random_Config) refers to stm32f4xx_adc.o(i.ADC_RegularChannelConfig) for ADC_RegularChannelConfig
    hw_config.o(i.ADC_Random_Config) refers to stm32f4xx_adc.o(i.ADC_Cmd) for ADC_Cmd
    hw_config.o(i.ADC_Random_Config) refers to stm32f4xx_adc.o(i.ADC_GetFlagStatus) for ADC_GetFlagStatus
    hw_config.o(i.ADC_Random_GetSeed) refers to stm32f4xx_adc.o(i.ADC_SoftwareStartConv) for ADC_SoftwareStartConv
    hw_config.o(i.ADC_Random_GetSeed) refers to stm32f4xx_adc.o(i.ADC_GetFlagStatus) for ADC_GetFlagStatus
    hw_config.o(i.ADC_Random_GetSeed) refers to stm32f4xx_adc.o(i.ADC_GetConversionValue) for ADC_GetConversionValue
    hw_config.o(i.BitFlag_SwitchTest) refers to hw_config.o(.data) for .data
    hw_config.o(i.Button_Procedure) refers to custom_button.o(i.Custom_ButtonScan) for Custom_ButtonScan
    hw_config.o(i.Button_Procedure) refers to custom_button.o(i.Custom_Button4PressedOnce) for Custom_Button4PressedOnce
    hw_config.o(i.Button_Procedure) refers to custom_button.o(i.Custom_Button4PressedLong) for Custom_Button4PressedLong
    hw_config.o(i.Button_Procedure) refers to hw_config.o(.data) for .data
    hw_config.o(i.Delay) refers to hw_config.o(.data) for .data
    hw_config.o(i.GetLSIFrequency) refers to stm32f4xx_rcc.o(i.RCC_LSICmd) for RCC_LSICmd
    hw_config.o(i.GetLSIFrequency) refers to stm32f4xx_rcc.o(i.RCC_GetFlagStatus) for RCC_GetFlagStatus
    hw_config.o(i.GetLSIFrequency) refers to stm32f4xx_rcc.o(i.RCC_APB1PeriphClockCmd) for RCC_APB1PeriphClockCmd
    hw_config.o(i.GetLSIFrequency) refers to stm32f4xx_tim.o(i.TIM_RemapConfig) for TIM_RemapConfig
    hw_config.o(i.GetLSIFrequency) refers to stm32f4xx_tim.o(i.TIM_PrescalerConfig) for TIM_PrescalerConfig
    hw_config.o(i.GetLSIFrequency) refers to stm32f4xx_tim.o(i.TIM_ICInit) for TIM_ICInit
    hw_config.o(i.GetLSIFrequency) refers to misc.o(i.NVIC_Init) for NVIC_Init
    hw_config.o(i.GetLSIFrequency) refers to stm32f4xx_tim.o(i.TIM_Cmd) for TIM_Cmd
    hw_config.o(i.GetLSIFrequency) refers to stm32f4xx_tim.o(i.TIM_ITConfig) for TIM_ITConfig
    hw_config.o(i.GetLSIFrequency) refers to stm32f4xx_tim.o(i.TIM_DeInit) for TIM_DeInit
    hw_config.o(i.GetLSIFrequency) refers to stm32f4xx_rcc.o(i.RCC_GetClocksFreq) for RCC_GetClocksFreq
    hw_config.o(i.GetLSIFrequency) refers to hw_config.o(.data) for .data
    hw_config.o(i.IWDG_Config) refers to stm32f4xx_rcc.o(i.RCC_GetFlagStatus) for RCC_GetFlagStatus
    hw_config.o(i.IWDG_Config) refers to stm32f4xx_rcc.o(i.RCC_ClearFlag) for RCC_ClearFlag
    hw_config.o(i.IWDG_Config) refers to hw_config.o(i.GetLSIFrequency) for GetLSIFrequency
    hw_config.o(i.IWDG_Config) refers to stm32f4xx_iwdg.o(i.IWDG_WriteAccessCmd) for IWDG_WriteAccessCmd
    hw_config.o(i.IWDG_Config) refers to stm32f4xx_iwdg.o(i.IWDG_SetPrescaler) for IWDG_SetPrescaler
    hw_config.o(i.IWDG_Config) refers to stm32f4xx_iwdg.o(i.IWDG_SetReload) for IWDG_SetReload
    hw_config.o(i.IWDG_Config) refers to stm32f4xx_iwdg.o(i.IWDG_ReloadCounter) for IWDG_ReloadCounter
    hw_config.o(i.IWDG_Config) refers to stm32f4xx_iwdg.o(i.IWDG_Enable) for IWDG_Enable
    hw_config.o(i.IWDG_Config) refers to hw_config.o(.data) for .data
    hw_config.o(i.LED_Config) refers to stm32f4xx_rcc.o(i.RCC_AHB1PeriphClockCmd) for RCC_AHB1PeriphClockCmd
    hw_config.o(i.LED_Config) refers to stm32f4xx_gpio.o(i.GPIO_Init) for GPIO_Init
    hw_config.o(i.LEDx_Handler) refers to hw_config.o(i.LEDx_Loop) for LEDx_Loop
    hw_config.o(i.LEDx_Loop) refers to stm32f4xx_gpio.o(i.GPIO_SetBits) for GPIO_SetBits
    hw_config.o(i.LEDx_Loop) refers to hw_config.o(i.delay) for delay
    hw_config.o(i.LEDx_Loop) refers to stm32f4xx_gpio.o(i.GPIO_ResetBits) for GPIO_ResetBits
    hw_config.o(i.MixedLIghtLED1_Config) refers to stm32f4xx_rcc.o(i.RCC_AHB1PeriphClockCmd) for RCC_AHB1PeriphClockCmd
    hw_config.o(i.MixedLIghtLED1_Config) refers to stm32f4xx_gpio.o(i.GPIO_Init) for GPIO_Init
    hw_config.o(i.MixedLIghtLED1_Demo) refers to hw_config.o(i.LEDx_Handler) for LEDx_Handler
    hw_config.o(i.MixedLIghtLED1_Demo) refers to hw_config.o(.constdata) for .constdata
    hw_config.o(i.MixedLIghtLED1_Demo) refers to hw_config.o(.data) for .data
[...]
    i.RCC_APB1PeriphResetCmd                 0x08001f5c   Section        0  stm32f4xx_rcc.o(i.RCC_APB1PeriphResetCmd)
    i.RCC_APB2PeriphClockCmd                 0x08001f74   Section        0  stm32f4xx_rcc.o(i.RCC_APB2PeriphClockCmd)
    i.RCC_APB2PeriphResetCmd                 0x08001f8c   Section        0  stm32f4xx_rcc.o(i.RCC_APB2PeriphResetCmd)
    i.RCC_ClearFlag                          0x08001fa4   Section        0  stm32f4xx_rcc.o(i.RCC_ClearFlag)
    i.RCC_GetClocksFreq                      0x08001fb4   Section        0  stm32f4xx_rcc.o(i.RCC_GetClocksFreq)
    i.RCC_GetFlagStatus                      0x08002044   Section        0  stm32f4xx_rcc.o(i.RCC_GetFlagStatus)
    i.RCC_LSICmd                             0x08002078   Section        0  stm32f4xx_rcc.o(i.RCC_LSICmd)
    i.RCC_PCLK1Config                        0x08002084   Section        0  stm32f4xx_rcc.o(i.RCC_PCLK1Config)
    i.RecvPacket                             0x08002098   Section        0  hw_config.o(i.RecvPacket)
    i.SendPacket                             0x080020ac   Section        0  hw_config.o(i.SendPacket)
    i.SetSysClock                            0x080020e8   Section        0  system_stm32f4xx.o(i.SetSysClock)
    SetSysClock                              0x080020e9   Thumb Code   186  system_stm32f4xx.o(i.SetSysClock)
    i.StartIdleMonitor                       0x080021bc   Section        0  cpu_utils.o(i.StartIdleMonitor)
    i.SysTickConfig                          0x080021d8   Section        0  hw_config.o(i.SysTickConfig)
    i.SysTick_Handler                        0x080023ec   Section        0  port.o(i.SysTick_Handler)
    i.SystemInit                             0x08002418   Section        0  system_stm32f4xx.o(i.SystemInit)
    i.TI1_Config                             0x08002474   Section        0  stm32f4xx_tim.o(i.TI1_Config)
    TI1_Config                               0x08002475   Thumb Code    46  stm32f4xx_tim.o(i.TI1_Config)
    i.TI2_Config                             0x080024a2   Section        0  stm32f4xx_tim.o(i.TI2_Config)
    TI2_Config                               0x080024a3   Thumb Code    54  stm32f4xx_tim.o(i.TI2_Config)
    i.TIM2_IRQHandler                        0x080024d8   Section        0  stm32f4xx_it.o(i.TIM2_IRQHandler)
    i.TIM3_Config                            0x08002500   Section        0  hw_config.o(i.TIM3_Config)
    i.TIM3_IRQHandler                        0x08002564   Section        0  stm32f4xx_it.o(i.TIM3_IRQHandler)
    i.TIM5_IRQHandler                        0x080025a4   Section        0  stm32f4xx_it.o(i.TIM5_IRQHandler)
    i.TIM_CCPreloadControl                   0x08002600   Section        0  stm32f4xx_tim.o(i.TIM_CCPreloadControl)
    i.TIM_ClearITPendingBit                  0x08002614   Section        0  stm32f4xx_tim.o(i.TIM_ClearITPendingBit)
    i.TIM_Cmd                                0x0800261a   Section        0  stm32f4xx_tim.o(i.TIM_Cmd)
    i.TIM_CtrlPWMOutputs                     0x0800262e   Section        0  stm32f4xx_tim.o(i.TIM_CtrlPWMOutputs)
    i.TIM_DeInit                             0x08002644   Section        0  stm32f4xx_tim.o(i.TIM_DeInit)
    i.TIM_ForcedOC1Config                    0x08002794   Section        0  stm32f4xx_tim.o(i.TIM_ForcedOC1Config)
    i.TIM_GetCapture2                        0x080027a0   Section        0  stm32f4xx_tim.o(i.TIM_GetCapture2)
    i.TIM_GetCapture4                        0x080027a4   Section        0  stm32f4xx_tim.o(i.TIM_GetCapture4)
    i.TIM_GetITStatus                        0x080027a8   Section        0  stm32f4xx_tim.o(i.TIM_GetITStatus)
    i.TIM_ICInit                             0x080027c0   Section        0  stm32f4xx_tim.o(i.TIM_ICInit)
    i.TIM_ITConfig                           0x0800286c   Section        0  stm32f4xx_tim.o(i.TIM_ITConfig)
    i.TIM_Input_Config                       0x0800287c   Section        0  hw_config.o(i.TIM_Input_Config)
    i.TIM_Input_FreqCalculate                0x08002910   Section        0  hw_config.o(i.TIM_Input_FreqCalculate)
    i.TIM_OC1Init                            0x0800296c   Section        0  stm32f4xx_tim.o(i.TIM_OC1Init)
    i.TIM_OC1PreloadConfig                   0x080029cc   Section        0  stm32f4xx_tim.o(i.TIM_OC1PreloadConfig)
    i.TIM_OCStructInit                       0x080029d8   Section        0  stm32f4xx_tim.o(i.TIM_OCStructInit)
    i.TIM_PrescalerConfig                    0x080029ec   Section        0  stm32f4xx_tim.o(i.TIM_PrescalerConfig)
    i.TIM_RemapConfig                        0x080029f2   Section        0  stm32f4xx_tim.o(i.TIM_RemapConfig)
    i.TIM_SetIC1Prescaler                    0x080029f8   Section        0  stm32f4xx_tim.o(i.TIM_SetIC1Prescaler)
    i.TIM_SetIC2Prescaler                    0x08002a08   Section        0  stm32f4xx_tim.o(i.TIM_SetIC2Prescaler)
    i.TIM_SetIC3Prescaler                    0x08002a20   Section        0  stm32f4xx_tim.o(i.TIM_SetIC3Prescaler)
    i.TIM_SetIC4Prescaler                    0x08002a30   Section        0  stm32f4xx_tim.o(i.TIM_SetIC4Prescaler)
    i.TIM_TimeBaseInit                       0x08002a48   Section        0  stm32f4xx_tim.o(i.TIM_TimeBaseInit)
    i.TIM_TimeBaseStructInit                 0x08002ac4   Section        0  stm32f4xx_tim.o(i.TIM_TimeBaseStructInit)
    i.TimingDelay_Decrement                  0x08002ad8   Section        0  hw_config.o(i.TimingDelay_Decrement)
    i.USART2_IRQHandler                      0x08002aec   Section        0  stm32f4xx_it.o(i.USART2_IRQHandler)
    i.USART_ClearITPendingBit                0x08002b88   Section        0  stm32f4xx_usart.o(i.USART_ClearITPendingBit)
    i.USART_Cmd                              0x08002b94   Section        0  stm32f4xx_usart.o(i.USART_Cmd)
    i.USART_Config                           0x08002ba8   Section        0  hw_config.o(i.USART_Config)
    i.USART_GetFlagStatus                    0x08002c8c   Section        0  stm32f4xx_usart.o(i.USART_GetFlagStatus)
    i.USART_GetITStatus                      0x08002c9a   Section        0  stm32f4xx_usart.o(i.USART_GetITStatus)
    i.USART_ITConfig                         0x08002cd8   Section        0  stm32f4xx_usart.o(i.USART_ITConfig)
    i.USART_Init                             0x08002d08   Section        0  stm32f4xx_usart.o(i.USART_Init)
    i.USART_ReceiveData                      0x08002db4   Section        0  stm32f4xx_usart.o(i.USART_ReceiveData)
    i.USART_SendData                         0x08002dbc   Section        0  stm32f4xx_usart.o(i.USART_SendData)
    i.USART_Test                             0x08002dc4   Section        0  hw_config.o(i.USART_Test)
    i.UsageFault_Handler                     0x08002e08   Section        0  stm32f4xx_it.o(i.UsageFault_Handler)
    i.__0printf$8                            0x08002e0c   Section        0  printf8.o(i.__0printf$8)
    i.__0sprintf$8                           0x08002e2c   Section        0  printf8.o(i.__0sprintf$8)
    i.__scatterload_copy                     0x08002e54   Section       14  handlers.o(i.__scatterload_copy)
    i.__scatterload_null                     0x08002e62   Section        2  handlers.o(i.__scatterload_null)
    i.__scatterload_zeroinit                 0x08002e64   Section       14  handlers.o(i.__scatterload_zeroinit)
    i._printf_core                           0x08002e74   Section        0  printf8.o(i._printf_core)
    _printf_core                             0x08002e75   Thumb Code   996  printf8.o(i._printf_core)
    i._printf_post_padding                   0x08003284   Section        0  printf8.o(i._printf_post_padding)
    _printf_post_padding                     0x08003285   Thumb Code    36  printf8.o(i._printf_post_padding)
    i._printf_pre_padding                    0x080032a8   Section        0  printf8.o(i._printf_pre_padding)
    _printf_pre_padding                      0x080032a9   Thumb Code    46  printf8.o(i._printf_pre_padding)
    i._sputc                                 0x080032d6   Section        0  printf8.o(i._sputc)
    _sputc                                   0x080032d7   Thumb Code    10  printf8.o(i._sputc)
    i.eTaskGetState                          0x080032e0   Section        0  tasks.o(i.eTaskGetState)
    i.fputc                                  0x08003348   Section        0  hw_config.o(i.fputc)
    i.initBSP                                0x0800336c   Section        0  hw_config.o(i.initBSP)
    i.main                                   0x080033cc   Section        0  main.o(i.main)
    i.prvAddCurrentTaskToDelayedList         0x080035d0   Section        0  tasks.o(i.prvAddCurrentTaskToDelayedList)
    prvAddCurrentTaskToDelayedList           0x080035d1   Thumb Code   102  tasks.o(i.prvAddCurrentTaskToDelayedList)
    i.prvAddNewTaskToReadyList               0x08003640   Section        0  tasks.o(i.prvAddNewTaskToReadyList)
    prvAddNewTaskToReadyList                 0x08003641   Thumb Code   196  tasks.o(i.prvAddNewTaskToReadyList)
    i.prvCheckTasksWaitingTermination        0x08003710   Section        0  tasks.o(i.prvCheckTasksWaitingTermination)
    prvCheckTasksWaitingTermination          0x08003711   Thumb Code    70  tasks.o(i.prvCheckTasksWaitingTermination)
    i.prvCopyDataFromQueue                   0x08003760   Section        0  queue.o(i.prvCopyDataFromQueue)
    prvCopyDataFromQueue                     0x08003761   Thumb Code    38  queue.o(i.prvCopyDataFromQueue)
    i.prvCopyDataToQueue                     0x08003786   Section        0  queue.o(i.prvCopyDataToQueue)
    prvCopyDataToQueue                       0x08003787   Thumb Code   108  queue.o(i.prvCopyDataToQueue)
    i.prvDeleteTCB                           0x080037f2   Section        0  tasks.o(i.prvDeleteTCB)
    prvDeleteTCB                             0x080037f3   Thumb Code    20  tasks.o(i.prvDeleteTCB)
    i.prvHeapInit                            0x08003808   Section        0  heap_4.o(i.prvHeapInit)
    prvHeapInit                              0x08003809   Thumb Code    66  heap_4.o(i.prvHeapInit)
    i.prvIdleTask                            0x08003854   Section        0  tasks.o(i.prvIdleTask)
    prvIdleTask                              0x08003855   Thumb Code    34  tasks.o(i.prvIdleTask)
    i.prvInitialiseNewTask                   0x08003880   Section        0  tasks.o(i.prvInitialiseNewTask)
    prvInitialiseNewTask                     0x08003881   Thumb Code   156  tasks.o(i.prvInitialiseNewTask)
    i.prvInsertBlockIntoFreeList             0x0800391c   Section        0  heap_4.o(i.prvInsertBlockIntoFreeList)
    prvInsertBlockIntoFreeList               0x0800391d   Thumb Code    72  heap_4.o(i.prvInsertBlockIntoFreeList)
    i.prvIsQueueEmpty                        0x08003968   Section        0  queue.o(i.prvIsQueueEmpty)
    prvIsQueueEmpty                          0x08003969   Thumb Code    28  queue.o(i.prvIsQueueEmpty)
    i.prvListTasksWithinSingleList           0x08003984   Section        0  tasks.o(i.prvListTasksWithinSingleList)
    prvListTasksWithinSingleList             0x08003985   Thumb Code    88  tasks.o(i.prvListTasksWithinSingleList)
    i.prvResetNextTaskUnblockTime            0x080039dc   Section        0  tasks.o(i.prvResetNextTaskUnblockTime)
    prvResetNextTaskUnblockTime              0x080039dd   Thumb Code    26  tasks.o(i.prvResetNextTaskUnblockTime)
    i.prvTaskExitError                       0x080039fc   Section        0  port.o(i.prvTaskExitError)
    prvTaskExitError                         0x080039fd   Thumb Code    36  port.o(i.prvTaskExitError)
    i.prvUnlockQueue                         0x08003a24   Section        0  queue.o(i.prvUnlockQueue)
    prvUnlockQueue                           0x08003a25   Thumb Code   106  queue.o(i.prvUnlockQueue)
    i.pvPortMalloc                           0x08003a90   Section        0  heap_4.o(i.pvPortMalloc)
    i.pvTaskIncrementMutexHeldCount          0x08003b70   Section        0  tasks.o(i.pvTaskIncrementMutexHeldCount)
    i.pxPortInitialiseStack                  0x08003b88   Section        0  port.o(i.pxPortInitialiseStack)
    i.uxListRemove                           0x08003bb4   Section        0  list.o(i.uxListRemove)
    i.uxTaskGetSystemState                   0x08003bd8   Section        0  tasks.o(i.uxTaskGetSystemState)
    i.vApplicationIdleHook                   0x08003c80   Section        0  cpu_utils.o(i.vApplicationIdleHook)
    i.vApplicationMallocFailedHook           0x08003c98   Section        0  hw_config.o(i.vApplicationMallocFailedHook)
    i.vApplicationStackOverflowHook          0x08003ca8   Section        0  hw_config.o(i.vApplicationStackOverflowHook)
    i.vApplicationTickHook                   0x08003cb8   Section        0  cpu_utils.o(i.vApplicationTickHook)
    i.vListInitialise                        0x08003cf0   Section        0  list.o(i.vListInitialise)
    i.vListInitialiseItem                    0x08003d06   Section        0  list.o(i.vListInitialiseItem)
    i.vListInsert                            0x08003d0c   Section        0  list.o(i.vListInsert)
    i.vListInsertEnd                         0x08003d3c   Section        0  list.o(i.vListInsertEnd)
    i.vPortEnterCritical                     0x08003d54   Section        0  port.o(i.vPortEnterCritical)
    i.vPortExitCritical                      0x08003d94   Section        0  port.o(i.vPortExitCritical)
    i.vPortFree                              0x08003dbc   Section        0  heap_4.o(i.vPortFree)
    i.vPortSetupTimerInterrupt               0x08003e18   Section        0  port.o(i.vPortSetupTimerInterrupt)
    i.vPortValidateInterruptPriority         0x08003e38   Section        0  port.o(i.vPortValidateInterruptPriority)
    i.vTask0InitUart                         0x08003e8c   Section        0  hw_config.o(i.vTask0InitUart)
    i.vTask10ADCFFT                          0x08003ed4   Section        0  hw_config.o(i.vTask10ADCFFT)
    i.vTask11ADCRAND                         0x08003f2c   Section        0  hw_config.o(i.vTask11ADCRAND)
    i.vTask12ButtonBebounce                  0x08003f58   Section        0  hw_config.o(i.vTask12ButtonBebounce)
    i.vTask13PWMModulation                   0x08003f7c   Section        0  hw_config.o(i.vTask13PWMModulation)
    i.vTask14BitFlag                         0x08003fa0   Section        0  hw_config.o(i.vTask14BitFlag)
    i.vTask1LogMsg                           0x08003fd4   Section        0  hw_config.o(i.vTask1LogMsg)
    i.vTask2RisingFlag                       0x08004050   Section        0  hw_config.o(i.vTask2RisingFlag)
    i.vTask3CreateSubTask                    0x0800407c   Section        0  hw_config.o(i.vTask3CreateSubTask)
    i.vTask3CreateTask                       0x08004090   Section        0  hw_config.o(i.vTask3CreateTask)
    i.vTask4SendPacket                       0x080040c8   Section        0  hw_config.o(i.vTask4SendPacket)
    i.vTask5RecvPacket                       0x0800412c   Section        0  hw_config.o(i.vTask5RecvPacket)
    i.vTask6Tasklist                         0x08004154   Section        0  hw_config.o(i.vTask6Tasklist)
    i.vTask7ADCAverage                       0x0800417a   Section        0  hw_config.o(i.vTask7ADCAverage)
    i.vTask8PWMAdjust                        0x080041a0   Section        0  hw_config.o(i.vTask8PWMAdjust)
    i.vTaskDelayUntil                        0x08004204   Section        0  tasks.o(i.vTaskDelayUntil)
    i.vTaskDelete                            0x08004290   Section        0  tasks.o(i.vTaskDelete)
    i.vTaskGetInfo                           0x0800433c   Section        0  tasks.o(i.vTaskGetInfo)
    i.vTaskList                              0x080043c0   Section        0  tasks.o(i.vTaskList)
    i.vTaskMissedYield                       0x08004490   Section        0  tasks.o(i.vTaskMissedYield)
    i.vTaskPlaceOnEventList                  0x0800449c   Section        0  tasks.o(i.vTaskPlaceOnEventList)
    i.vTaskPriorityInherit                   0x080044cc   Section        0  tasks.o(i.vTaskPriorityInherit)
    i.vTaskSetTimeOutState                   0x08004550   Section        0  tasks.o(i.vTaskSetTimeOutState)
    i.vTaskStartScheduler                    0x08004574   Section        0  tasks.o(i.vTaskStartScheduler)
    i.vTaskSuspendAll                        0x080045dc   Section        0  tasks.o(i.vTaskSuspendAll)
    i.vTaskSwitchContext                     0x080045ec   Section        0  tasks.o(i.vTaskSwitchContext)
    i.xPortGetFreeHeapSize                   0x0800467c   Section        0  heap_4.o(i.xPortGetFreeHeapSize)
    i.xPortStartScheduler                    0x08004688   Section        0  port.o(i.xPortStartScheduler)
    i.xQueueGenericCreate                    0x08004768   Section        0  queue.o(i.xQueueGenericCreate)
    i.xQueueGenericReceive                   0x080047bc   Section        0  queue.o(i.xQueueGenericReceive)
    i.xQueueGenericReset                     0x0800490c   Section        0  queue.o(i.xQueueGenericReset)
    i.xQueueGenericSend                      0x08004994   Section        0  queue.o(i.xQueueGenericSend)
    i.xQueueGiveFromISR                      0x08004ad8   Section        0  queue.o(i.xQueueGiveFromISR)
    i.xTaskCheckForTimeOut                   0x08004b74   Section        0  tasks.o(i.xTaskCheckForTimeOut)
    i.xTaskCreate                            0x08004be0   Section        0  tasks.o(i.xTaskCreate)
    i.xTaskGetCurrentTaskHandle              0x08004c38   Section        0  tasks.o(i.xTaskGetCurrentTaskHandle)
    i.xTaskGetTickCount                      0x08004c44   Section        0  tasks.o(i.xTaskGetTickCount)
    i.xTaskGetTickCountFromISR               0x08004c50   Section        0  tasks.o(i.xTaskGetTickCountFromISR)
    i.xTaskIncrementTick                     0x08004c60   Section        0  tasks.o(i.xTaskIncrementTick)
    i.xTaskPriorityDisinherit                0x08004d34   Section        0  tasks.o(i.xTaskPriorityDisinherit)
    i.xTaskRemoveFromEventList               0x08004dcc   Section        0  tasks.o(i.xTaskRemoveFromEventList)
    i.xTaskResumeAll                         0x08004e40   Section        0  tasks.o(i.xTaskResumeAll)
    .constdata                               0x08004f04   Section     1214  hw_config.o(.constdata)
    __FUNCTION__                             0x080053b4   Data          14  hw_config.o(.constdata)
    .constdata                               0x080053c4   Section       16  arm_const_structs.o(.constdata)
    .constdata                               0x080053d4   Section      128  arm_common_tables.o(.constdata)
    .constdata                               0x08005454   Section       40  arm_common_tables.o(.constdata)
    .conststring                             0x0800547c   Section       78  hw_config.o(.conststring)
    .data                                    0x20000000   Section      116  hw_config.o(.data)
    OnOff                                    0x20000004   Data           1  hw_config.o(.data)
    MixedLIghtLED1Index                      0x20000006   Data           2  hw_config.o(.data)
    Counter_20ms                             0x20000008   Data           2  hw_config.o(.data)
    Counter_3ms                              0x2000000a   Data           2  hw_config.o(.data)
    uwLsiFreq                                0x2000000c   Data           4  hw_config.o(.data)
    duty                                     0x20000040   Data           4  hw_config.o(.data)
    .data                                    0x20000074   Section       12  stm32f4xx_it.o(.data)
    cnt_iwdg                                 0x20000074   Data           2  stm32f4xx_it.o(.data)
    tmpCC4                                   0x20000076   Data           4  stm32f4xx_it.o(.data)
    xHigherPriorityTaskWoken                 0x2000007c   Data           4  stm32f4xx_it.o(.data)
    .data                                    0x20000080   Section       20  system_stm32f4xx.o(.data)
    .data                                    0x20000094   Section        4  debug.o(.data)
    .data                                    0x20000098   Section        6  custom_adc.o(.data)
    .data                                    0x2000009e   Section        6  custom_button.o(.data)
    .data                                    0x200000a4   Section       16  stm32f4xx_rcc.o(.data)
    APBAHBPrescTable                         0x200000a4   Data          16  stm32f4xx_rcc.o(.data)
    .data                                    0x200000b4   Section       60  tasks.o(.data)
    uxDeletedTasksWaitingCleanUp             0x200000b8   Data           4  tasks.o(.data)
    uxCurrentNumberOfTasks                   0x200000bc   Data           4  tasks.o(.data)
    xTickCount                               0x200000c0   Data           4  tasks.o(.data)
    uxTopReadyPriority                       0x200000c4   Data           4  tasks.o(.data)
    xSchedulerRunning                        0x200000c8   Data           4  tasks.o(.data)
    uxPendedTicks                            0x200000cc   Data           4  tasks.o(.data)
    xYieldPending                            0x200000d0   Data           4  tasks.o(.data)
    xNumOfOverflows                          0x200000d4   Data           4  tasks.o(.data)
    uxTaskNumber                             0x200000d8   Data           4  tasks.o(.data)
    xNextTaskUnblockTime                     0x200000dc   Data           4  tasks.o(.data)
    xIdleTaskHandle                          0x200000e0   Data           4  tasks.o(.data)
    uxSchedulerSuspended                     0x200000e4   Data           4  tasks.o(.data)
    pxDelayedTaskList                        0x200000e8   Data           4  tasks.o(.data)
    pxOverflowDelayedTaskList                0x200000ec   Data           4  tasks.o(.data)
    .data                                    0x200000f0   Section       12  port.o(.data)
    ucMaxSysCallPriority                     0x200000f0   Data           1  port.o(.data)
    uxCriticalNesting                        0x200000f4   Data           4  port.o(.data)
    ulMaxPRIGROUPValue                       0x200000f8   Data           4  port.o(.data)
    .data                                    0x200000fc   Section       24  heap_4.o(.data)
    pxEnd                                    0x200000fc   Data           4  heap_4.o(.data)
    xFreeBytesRemaining                      0x20000100   Data           4  heap_4.o(.data)
    xMinimumEverFreeBytesRemaining           0x20000104   Data           4  heap_4.o(.data)
    xBlockAllocatedBit                       0x20000108   Data           4  heap_4.o(.data)
    xStart                                   0x2000010c   Data           8  heap_4.o(.data)
    .data                                    0x20000114   Section       24  cpu_utils.o(.data)
    tick                                     0x20000128   Data           4  cpu_utils.o(.data)
    .data                                    0x2000012c   Section        4  rand.o(.data)
    _rand_state                              0x2000012c   Data           4  rand.o(.data)
    .bss                                     0x20000130   Section       40  hw_config.o(.bss)
    .bss                                     0x20000158   Section      224  custom_adc.o(.bss)
    .bss                                     0x20000238   Section       64  custom_adc.o(.bss)
    .bss                                     0x20000278   Section      200  tasks.o(.bss)
    pxReadyTasksLists                        0x20000278   Data         100  tasks.o(.bss)
    xDelayedTaskList1                        0x200002dc   Data          20  tasks.o(.bss)
    xDelayedTaskList2                        0x200002f0   Data          20  tasks.o(.bss)
    xPendingReadyList                        0x20000304   Data          20  tasks.o(.bss)
    xTasksWaitingTermination                 0x20000318   Data          20  tasks.o(.bss)
    xSuspendedTaskList                       0x2000032c   Data          20  tasks.o(.bss)
    .bss                                     0x20000340   Section    49152  heap_4.o(.bss)
    ucHeap                                   0x20000340   Data       49152  heap_4.o(.bss)
    STACK                                    0x2000c340   Section     8192  startup_stm32f401xx_heapadd.o(STACK)

    Global Symbols

    Symbol Name                              Value     Ov Type        Size  Object(Section)

    BuildAttributes$$THM_ISAv4$E$P$D$K$B$S$7EM$VFPi3$EXTD16$VFPS$VFMA$PE$A:L22UL41UL21$X:L11$S22US41US21$IEEE1$IW$USESV6$~STKCKD$USESV7$~SHL$OTIME$ROPI$IEEEX$EBA8$MICROLIB$REQ8$PRES8$EABIv2 0x00000000   Number         0  anon$$obj.o ABSOLUTE
    __ARM_use_no_argv                        0x00000000   Number         0  main.o ABSOLUTE
    _printf_a                                0x00000000   Number         0  stubs.o ABSOLUTE
    _printf_c                                0x00000000   Number         0  stubs.o ABSOLUTE
    _printf_charcount                        0x00000000   Number         0  stubs.o ABSOLUTE
    _printf_d                                0x00000000   Number         0  stubs.o ABSOLUTE
    _printf_e                                0x00000000   Number         0  stubs.o ABSOLUTE
    _printf_f                                0x00000000   Number         0  stubs.o ABSOLUTE
    _printf_flags                            0x00000000   Number         0  stubs.o ABSOLUTE
    _printf_fp_dec                           0x00000000   Number         0  stubs.o ABSOLUTE
    _printf_fp_hex                           0x00000000   Number         0  stubs.o ABSOLUTE
    _printf_g                                0x00000000   Number         0  stubs.o ABSOLUTE
    _printf_i                                0x00000000   Number         0  stubs.o ABSOLUTE
    _printf_int_dec                          0x00000000   Number         0  stubs.o ABSOLUTE
    _printf_l                                0x00000000   Number         0  stubs.o ABSOLUTE
    _printf_lc                               0x00000000   Number         0  stubs.o ABSOLUTE
    _printf_ll                               0x00000000   Number         0  stubs.o ABSOLUTE
    _printf_lld                              0x00000000   Number         0  stubs.o ABSOLUTE
    _printf_lli                              0x00000000   Number         0  stubs.o ABSOLUTE
    _printf_llo                              0x00000000   Number         0  stubs.o ABSOLUTE
    _printf_llu                              0x00000000   Number         0  stubs.o ABSOLUTE
    _printf_llx                              0x00000000   Number         0  stubs.o ABSOLUTE
    _printf_longlong_dec                     0x00000000   Number         0  stubs.o ABSOLUTE
    _printf_longlong_hex                     0x00000000   Number         0  stubs.o ABSOLUTE
    _printf_longlong_oct                     0x00000000   Number         0  stubs.o ABSOLUTE
    _printf_ls                               0x00000000   Number         0  stubs.o ABSOLUTE
    _printf_mbtowc                           0x00000000   Number         0  stubs.o ABSOLUTE
    _printf_n                                0x00000000   Number         0  stubs.o ABSOLUTE
    _printf_o                                0x00000000   Number         0  stubs.o ABSOLUTE
    _printf_p                                0x00000000   Number         0  stubs.o ABSOLUTE
    _printf_percent                          0x00000000   Number         0  stubs.o ABSOLUTE
    _printf_pre_padding                      0x00000000   Number         0  stubs.o ABSOLUTE
    _printf_return_value                     0x00000000   Number         0  stubs.o ABSOLUTE
    _printf_s                                0x00000000   Number         0  stubs.o ABSOLUTE
    _printf_sizespec                         0x00000000   Number         0  stubs.o ABSOLUTE
    _printf_str                              0x00000000   Number         0  stubs.o ABSOLUTE
    _printf_truncate_signed                  0x00000000   Number         0  stubs.o ABSOLUTE
    _printf_truncate_unsigned                0x00000000   Number         0  stubs.o ABSOLUTE
    _printf_u                                0x00000000   Number         0  stubs.o ABSOLUTE
    _printf_wc                               0x00000000   Number         0  stubs.o ABSOLUTE
    _printf_wctomb                           0x00000000   Number         0  stubs.o ABSOLUTE
    _printf_widthprec                        0x00000000   Number         0  stubs.o ABSOLUTE
    _printf_x                                0x00000000   Number         0  stubs.o ABSOLUTE
    __cpp_initialize__aeabi_                  - Undefined Weak Reference
    __cxa_finalize                            - Undefined Weak Reference
    _clock_init                               - Undefined Weak Reference
    _microlib_exit                            - Undefined Weak Reference
    __Vectors_Size                           0x00000194   Number         0  startup_stm32f401xx_heapadd.o ABSOLUTE
    __Vectors                                0x08000000   Data           4  startup_stm32f401xx_heapadd.o(RESET)
    __Vectors_End                            0x08000194   Data           0  startup_stm32f401xx_heapadd.o(RESET)
    arm_bitreversal_32                       0x08000195   Thumb Code   106  arm_bitreversal2.o(. text)
    arm_bitreversal_16                       0x080001ff   Thumb Code    86  arm_bitreversal2.o(. text)
    __main                                   0x08000255   Thumb Code     0  entry.o(.ARM.Collect$$$$00000000)
    _main_stk                                0x08000255   Thumb Code     0  entry2.o(.ARM.Collect$$$$00000001)
    _main_scatterload                        0x08000259   Thumb Code     0  entry5.o(.ARM.Collect$$$$00000004)
    __main_after_scatterload                 0x0800025d   Thumb Code     0  entry5.o(.ARM.Collect$$$$00000004)
    _main_clock                              0x0800025d   Thumb Code     0  entry7b.o(.ARM.Collect$$$$00000008)
    _main_cpp_init                           0x0800025d   Thumb Code     0  entry8b.o(.ARM.Collect$$$$0000000A)
    _main_init                               0x0800025d   Thumb Code     0  entry9a.o(.ARM.Collect$$$$0000000B)
    __rt_final_cpp                           0x08000265   Thumb Code     0  entry10a.o(.ARM.Collect$$$$0000000D)
    __rt_final_exit                          0x08000265   Thumb Code     0  entry11a.o(.ARM.Collect$$$$0000000F)
    SVC_Handler                              0x08000269   Thumb Code    28  port.o(.emb_text)
    __asm___6_port_c_39a90d8d__prvStartFirstTask 0x08000289   Thumb Code    28  port.o(.emb_text)
    __asm___6_port_c_39a90d8d__prvEnableVFP  0x080002a9   Thumb Code    16  port.o(.emb_text)
    PendSV_Handler                           0x080002bd   Thumb Code    88  port.o(.emb_text)
    vPortGetIPSR                             0x08000319   Thumb Code     6  port.o(.emb_text)
    Reset_Handler                            0x08000321   Thumb Code     8  startup_stm32f401xx_heapadd.o(.text)
    ADC_IRQHandler                           0x0800033b   Thumb Code     0  startup_stm32f401xx_heapadd.o(.text)
    DMA1_Stream0_IRQHandler                  0x0800033b   Thumb Code     0  startup_stm32f401xx_heapadd.o(.text)
    DMA1_Stream1_IRQHandler                  0x0800033b   Thumb Code     0  startup_stm32f401xx_heapadd.o(.text)
    DMA1_Stream2_IRQHandler                  0x0800033b   Thumb Code     0  startup_stm32f401xx_heapadd.o(.text)
    DMA1_Stream3_IRQHandler                  0x0800033b   Thumb Code     0  startup_stm32f401xx_heapadd.o(.text)
    DMA1_Stream4_IRQHandler                  0x0800033b   Thumb Code     0  startup_stm32f401xx_heapadd.o(.text)
    DMA1_Stream5_IRQHandler                  0x0800033b   Thumb Code     0  startup_stm32f401xx_heapadd.o(.text)
    DMA1_Stream6_IRQHandler                  0x0800033b   Thumb Code     0  startup_stm32f401xx_heapadd.o(.text)
    DMA1_Stream7_IRQHandler                  0x0800033b   Thumb Code     0  startup_stm32f401xx_heapadd.o(.text)
    DMA2_Stream1_IRQHandler                  0x0800033b   Thumb Code     0  startup_stm32f401xx_heapadd.o(.text)
    DMA2_Stream2_IRQHandler                  0x0800033b   Thumb Code     0  startup_stm32f401xx_heapadd.o(.text)
    DMA2_Stream3_IRQHandler                  0x0800033b   Thumb Code     0  startup_stm32f401xx_heapadd.o(.text)
    DMA2_Stream4_IRQHandler                  0x0800033b   Thumb Code     0  startup_stm32f401xx_heapadd.o(.text)
    DMA2_Stream5_IRQHandler                  0x0800033b   Thumb Code     0  startup_stm32f401xx_heapadd.o(.text)
    DMA2_Stream6_IRQHandler                  0x0800033b   Thumb Code     0  startup_stm32f401xx_heapadd.o(.text)
    DMA2_Stream7_IRQHandler                  0x0800033b   Thumb Code     0  startup_stm32f401xx_heapadd.o(.text)
    EXTI0_IRQHandler                         0x0800033b   Thumb Code     0  startup_stm32f401xx_heapadd.o(.text)
    EXTI15_10_IRQHandler                     0x0800033b   Thumb Code     0  startup_stm32f401xx_heapadd.o(.text)
    EXTI1_IRQHandler                         0x0800033b   Thumb Code     0  startup_stm32f401xx_heapadd.o(.text)
    EXTI2_IRQHandler                         0x0800033b   Thumb Code     0  startup_stm32f401xx_heapadd.o(.text)
    EXTI3_IRQHandler                         0x0800033b   Thumb Code     0  startup_stm32f401xx_heapadd.o(.text)
    EXTI4_IRQHandler                         0x0800033b   Thumb Code     0  startup_stm32f401xx_heapadd.o(.text)
    EXTI9_5_IRQHandler                       0x0800033b   Thumb Code     0  startup_stm32f401xx_heapadd.o(.text)
    FLASH_IRQHandler                         0x0800033b   Thumb Code     0  startup_stm32f401xx_heapadd.o(.text)
    FPU_IRQHandler                           0x0800033b   Thumb Code     0  startup_stm32f401xx_heapadd.o(.text)
    I2C1_ER_IRQHandler                       0x0800033b   Thumb Code     0  startup_stm32f401xx_heapadd.o(.text)
    I2C1_EV_IRQHandler                       0x0800033b   Thumb Code     0  startup_stm32f401xx_heapadd.o(.text)
    I2C2_ER_IRQHandler                       0x0800033b   Thumb Code     0  startup_stm32f401xx_heapadd.o(.text)
    I2C2_EV_IRQHandler                       0x0800033b   Thumb Code     0  startup_stm32f401xx_heapadd.o(.text)
    I2C3_ER_IRQHandler                       0x0800033b   Thumb Code     0  startup_stm32f401xx_heapadd.o(.text)
    I2C3_EV_IRQHandler                       0x0800033b   Thumb Code     0  startup_stm32f401xx_heapadd.o(.text)
    OTG_FS_IRQHandler                        0x0800033b   Thumb Code     0  startup_stm32f401xx_heapadd.o(.text)
    OTG_FS_WKUP_IRQHandler                   0x0800033b   Thumb Code     0  startup_stm32f401xx_heapadd.o(.text)
    PVD_IRQHandler                           0x0800033b   Thumb Code     0  startup_stm32f401xx_heapadd.o(.text)
    RCC_IRQHandler                           0x0800033b   Thumb Code     0  startup_stm32f401xx_heapadd.o(.text)
    RTC_Alarm_IRQHandler                     0x0800033b   Thumb Code     0  startup_stm32f401xx_heapadd.o(.text)
    RTC_WKUP_IRQHandler                      0x0800033b   Thumb Code     0  startup_stm32f401xx_heapadd.o(.text)
    SDIO_IRQHandler                          0x0800033b   Thumb Code     0  startup_stm32f401xx_heapadd.o(.text)
    SPI1_IRQHandler                          0x0800033b   Thumb Code     0  startup_stm32f401xx_heapadd.o(.text)
    SPI2_IRQHandler                          0x0800033b   Thumb Code     0  startup_stm32f401xx_heapadd.o(.text)
    SPI3_IRQHandler                          0x0800033b   Thumb Code     0  startup_stm32f401xx_heapadd.o(.text)
    SPI4_IRQHandler                          0x0800033b   Thumb Code     0  startup_stm32f401xx_heapadd.o(.text)
    TAMP_STAMP_IRQHandler                    0x0800033b   Thumb Code     0  startup_stm32f401xx_heapadd.o(.text)
    TIM1_BRK_TIM9_IRQHandler                 0x0800033b   Thumb Code     0  startup_stm32f401xx_heapadd.o(.text)
    TIM1_CC_IRQHandler                       0x0800033b   Thumb Code     0  startup_stm32f401xx_heapadd.o(.text)
    TIM1_TRG_COM_TIM11_IRQHandler            0x0800033b   Thumb Code     0  startup_stm32f401xx_heapadd.o(.text)
    TIM1_UP_TIM10_IRQHandler                 0x0800033b   Thumb Code     0  startup_stm32f401xx_heapadd.o(.text)
    TIM4_IRQHandler                          0x0800033b   Thumb Code     0  startup_stm32f401xx_heapadd.o(.text)
    USART1_IRQHandler                        0x0800033b   Thumb Code     0  startup_stm32f401xx_heapadd.o(.text)
    USART6_IRQHandler                        0x0800033b   Thumb Code     0  startup_stm32f401xx_heapadd.o(.text)
    WWDG_IRQHandler                          0x0800033b   Thumb Code     0  startup_stm32f401xx_heapadd.o(.text)
    arm_cmplx_mag_f32                        0x08000345   Thumb Code   246  arm_cmplx_mag_f32.o(.text)
    arm_cfft_radix8by2_f32                   0x08000441   Thumb Code   398  arm_cfft_f32.o(.text)
    arm_cfft_radix8by4_f32                   0x080005cf   Thumb Code  1098  arm_cfft_f32.o(.text)
    arm_cfft_f32                             0x08000a19   Thumb Code   330  arm_cfft_f32.o(.text)
    arm_max_f32                              0x08000b65   Thumb Code   216  arm_max_f32.o(.text)
    arm_mean_f32                             0x08000c3d   Thumb Code   138  arm_mean_f32.o(.text)
    arm_radix8_butterfly_f32                 0x08000ccd   Thumb Code  1244  arm_cfft_radix8_f32.o(.text)
    rand                                     0x080011a9   Thumb Code    20  rand.o(.text)
    srand                                    0x080011bd   Thumb Code     6  rand.o(.text)
    __aeabi_memcpy                           0x080011cd   Thumb Code    36  memcpya.o(.text)
    __aeabi_memcpy4                          0x080011cd   Thumb Code     0  memcpya.o(.text)
    __aeabi_memcpy8                          0x080011cd   Thumb Code     0  memcpya.o(.text)
    __aeabi_memset                           0x080011f1   Thumb Code    14  memseta.o(.text)
    __aeabi_memset4                          0x080011f1   Thumb Code     0  memseta.o(.text)
    __aeabi_memset8                          0x080011f1   Thumb Code     0  memseta.o(.text)
    __aeabi_memclr                           0x080011ff   Thumb Code     4  memseta.o(.text)
    __aeabi_memclr4                          0x080011ff   Thumb Code     0  memseta.o(.text)
    __aeabi_memclr8                          0x080011ff   Thumb Code     0  memseta.o(.text)
    _memset$wrapper                          0x08001203   Thumb Code    18  memseta.o(.text)
    strlen                                   0x08001215   Thumb Code    14  strlen.o(.text)
    strcpy                                   0x08001223   Thumb Code    18  strcpy.o(.text)
    __aeabi_uldivmod                         0x08001235   Thumb Code    98  uldiv.o(.text)
    __aeabi_llsr                             0x08001297   Thumb Code    32  llushr.o(.text)
    _ll_ushift_r                             0x08001297   Thumb Code     0  llushr.o(.text)
    __scatterload                            0x080012b9   Thumb Code    28  init.o(.text)
    __scatterload_rt2                        0x080012b9   Thumb Code     0  init.o(.text)
    __aeabi_llsl                             0x080012dd   Thumb Code    30  llshl.o(.text)
    _ll_shift_l                              0x080012dd   Thumb Code     0  llshl.o(.text)
    __decompress                             0x080012fb   Thumb Code     0  __dczerorl2.o(.text)
    __decompress1                            0x080012fb   Thumb Code    86  __dczerorl2.o(.text)
    ADC_Cmd                                  0x08001351   Thumb Code    20  stm32f4xx_adc.o(i.ADC_Cmd)
    ADC_CommonInit                           0x08001365   Thumb Code    34  stm32f4xx_adc.o(i.ADC_CommonInit)
    ADC_DMACmd                               0x08001391   Thumb Code    20  stm32f4xx_adc.o(i.ADC_DMACmd)
    ADC_DMARequestAfterLastTransferCmd       0x080013a5   Thumb Code    20  stm32f4xx_adc.o(i.ADC_DMARequestAfterLastTransferCmd)
    ADC_GetConversionValue                   0x080013b9   Thumb Code     6  stm32f4xx_adc.o(i.ADC_GetConversionValue)
    ADC_GetFlagStatus                        0x080013bf   Thumb Code    14  stm32f4xx_adc.o(i.ADC_GetFlagStatus)
    ADC_Init                                 0x080013cd   Thumb Code    66  stm32f4xx_adc.o(i.ADC_Init)
    ADC_Random_Config                        0x08001419   Thumb Code   126  hw_config.o(i.ADC_Random_Config)
    ADC_Random_GetSeed                       0x080014a1   Thumb Code    64  hw_config.o(i.ADC_Random_GetSeed)
    ADC_RegularChannelConfig                 0x080014e5   Thumb Code   116  stm32f4xx_adc.o(i.ADC_RegularChannelConfig)
    ADC_SoftwareStartConv                    0x08001559   Thumb Code    10  stm32f4xx_adc.o(i.ADC_SoftwareStartConv)
    BitFlag_SwitchTest                       0x08001565   Thumb Code    28  hw_config.o(i.BitFlag_SwitchTest)
    BusFault_Handler                         0x08001585   Thumb Code     2  stm32f4xx_it.o(i.BusFault_Handler)
    Custom_ADC_DMA_Config                    0x08001589   Thumb Code   318  custom_adc.o(i.Custom_ADC_DMA_Config)
    Custom_ADC_Filter                        0x080016f9   Thumb Code    54  custom_adc.o(i.Custom_ADC_Filter)
    Custom_ADC_Filter_FFT                    0x08001739   Thumb Code    46  custom_adc.o(i.Custom_ADC_Filter_FFT)
    Custom_ADC_Voltage                       0x08001771   Thumb Code    36  custom_adc.o(i.Custom_ADC_Voltage)
    Custom_Button4PressedLong                0x08001799   Thumb Code    50  custom_button.o(i.Custom_Button4PressedLong)
    Custom_Button4Read                       0x080017d5   Thumb Code    34  custom_button.o(i.Custom_Button4Read)
    Custom_ButtonConfig                      0x08001801   Thumb Code    46  custom_button.o(i.Custom_ButtonConfig)
    Custom_ButtonDebounce                    0x08001835   Thumb Code    10  custom_button.o(i.Custom_ButtonDebounce)
    Custom_ButtonIRQ                         0x08001845   Thumb Code    54  custom_button.o(i.Custom_ButtonIRQ)
    DMA2_Stream0_IRQHandler                  0x08001895   Thumb Code    40  stm32f4xx_it.o(i.DMA2_Stream0_IRQHandler)
    DMA_ClearITPendingBit                    0x080018c5   Thumb Code    32  stm32f4xx_dma.o(i.DMA_ClearITPendingBit)
    DMA_Cmd                                  0x080018f1   Thumb Code    20  stm32f4xx_dma.o(i.DMA_Cmd)
    DMA_GetCmdStatus                         0x08001905   Thumb Code    14  stm32f4xx_dma.o(i.DMA_GetCmdStatus)
    DMA_GetITStatus                          0x08001915   Thumb Code    68  stm32f4xx_dma.o(i.DMA_GetITStatus)
    DMA_ITConfig                             0x08001969   Thumb Code    44  stm32f4xx_dma.o(i.DMA_ITConfig)
    DMA_Init                                 0x08001995   Thumb Code    80  stm32f4xx_dma.o(i.DMA_Init)
    DebugMon_Handler                         0x080019e9   Thumb Code     2  stm32f4xx_it.o(i.DebugMon_Handler)
    EndIdleMonitor                           0x080019ed   Thumb Code    32  cpu_utils.o(i.EndIdleMonitor)
    GPIO_Init                                0x08001a11   Thumb Code   162  stm32f4xx_gpio.o(i.GPIO_Init)
    GPIO_PinAFConfig                         0x08001ab3   Thumb Code    32  stm32f4xx_gpio.o(i.GPIO_PinAFConfig)
    GPIO_ReadInputDataBit                    0x08001ad3   Thumb Code    14  stm32f4xx_gpio.o(i.GPIO_ReadInputDataBit)
    GPIO_StructInit                          0x08001ae1   Thumb Code    18  stm32f4xx_gpio.o(i.GPIO_StructInit)
    GPIO_ToggleBits                          0x08001af3   Thumb Code     8  stm32f4xx_gpio.o(i.GPIO_ToggleBits)
    GetLSIFrequency                          0x08001afd   Thumb Code   176  hw_config.o(i.GetLSIFrequency)
    HardFault_Handler                        0x08001bb9   Thumb Code     2  stm32f4xx_it.o(i.HardFault_Handler)
    IWDG_Config                              0x08001bbd   Thumb Code    62  hw_config.o(i.IWDG_Config)
    IWDG_Enable                              0x08001c01   Thumb Code    10  stm32f4xx_iwdg.o(i.IWDG_Enable)
    IWDG_ReloadCounter                       0x08001c11   Thumb Code    10  stm32f4xx_iwdg.o(i.IWDG_ReloadCounter)
    IWDG_SetPrescaler                        0x08001c21   Thumb Code     6  stm32f4xx_iwdg.o(i.IWDG_SetPrescaler)
    IWDG_SetReload                           0x08001c2d   Thumb Code     6  stm32f4xx_iwdg.o(i.IWDG_SetReload)
    IWDG_WriteAccessCmd                      0x08001c39   Thumb Code     6  stm32f4xx_iwdg.o(i.IWDG_WriteAccessCmd)
    LED_Config                               0x08001c45   Thumb Code    46  hw_config.o(i.LED_Config)
    MemManage_Handler                        0x08001c79   Thumb Code     2  stm32f4xx_it.o(i.MemManage_Handler)
    MixedLIghtLED1_Config                    0x08001c7d   Thumb Code    46  hw_config.o(i.MixedLIghtLED1_Config)
    NMI_Handler                              0x08001cb1   Thumb Code     2  stm32f4xx_it.o(i.NMI_Handler)
    NVIC_Init                                0x08001cb5   Thumb Code    96  misc.o(i.NVIC_Init)
    NVIC_PriorityGroupConfig                 0x08001d19   Thumb Code    10  misc.o(i.NVIC_PriorityGroupConfig)
    PWM_Modulation_Config                    0x08001d2d   Thumb Code   186  hw_config.o(i.PWM_Modulation_Config)
    PWM_Modulation_Start                     0x08001dfd   Thumb Code    70  hw_config.o(i.PWM_Modulation_Start)
    PWM_Output_Config                        0x08001e51   Thumb Code   200  hw_config.o(i.PWM_Output_Config)
    RCC_AHB1PeriphClockCmd                   0x08001f2d   Thumb Code    18  stm32f4xx_rcc.o(i.RCC_AHB1PeriphClockCmd)
    RCC_APB1PeriphClockCmd                   0x08001f45   Thumb Code    18  stm32f4xx_rcc.o(i.RCC_APB1PeriphClockCmd)
    RCC_APB1PeriphResetCmd                   0x08001f5d   Thumb Code    18  stm32f4xx_rcc.o(i.RCC_APB1PeriphResetCmd)
    RCC_APB2PeriphClockCmd                   0x08001f75   Thumb Code    18  stm32f4xx_rcc.o(i.RCC_APB2PeriphClockCmd)
    RCC_APB2PeriphResetCmd                   0x08001f8d   Thumb Code    18  stm32f4xx_rcc.o(i.RCC_APB2PeriphResetCmd)
    RCC_ClearFlag                            0x08001fa5   Thumb Code    12  stm32f4xx_rcc.o(i.RCC_ClearFlag)
    RCC_GetClocksFreq                        0x08001fb5   Thumb Code   132  stm32f4xx_rcc.o(i.RCC_GetClocksFreq)
    RCC_GetFlagStatus                        0x08002045   Thumb Code    46  stm32f4xx_rcc.o(i.RCC_GetFlagStatus)
    RCC_LSICmd                               0x08002079   Thumb Code     6  stm32f4xx_rcc.o(i.RCC_LSICmd)
    RCC_PCLK1Config                          0x08002085   Thumb Code    14  stm32f4xx_rcc.o(i.RCC_PCLK1Config)
    RecvPacket                               0x08002099   Thumb Code    14  hw_config.o(i.RecvPacket)
    SendPacket                               0x080020ad   Thumb Code    60  hw_config.o(i.SendPacket)
    StartIdleMonitor                         0x080021bd   Thumb Code    22  cpu_utils.o(i.StartIdleMonitor)
    SysTickConfig                            0x080021d9   Thumb Code   268  hw_config.o(i.SysTickConfig)
    SysTick_Handler                          0x080023ed   Thumb Code    38  port.o(i.SysTick_Handler)
    SystemInit                               0x08002419   Thumb Code    74  system_stm32f4xx.o(i.SystemInit)
    TIM2_IRQHandler                          0x080024d9   Thumb Code    34  stm32f4xx_it.o(i.TIM2_IRQHandler)
    TIM3_Config                              0x08002501   Thumb Code    96  hw_config.o(i.TIM3_Config)
    TIM3_IRQHandler                          0x08002565   Thumb Code    54  stm32f4xx_it.o(i.TIM3_IRQHandler)
    TIM5_IRQHandler                          0x080025a5   Thumb Code    74  stm32f4xx_it.o(i.TIM5_IRQHandler)
    TIM_CCPreloadControl                     0x08002601   Thumb Code    20  stm32f4xx_tim.o(i.TIM_CCPreloadControl)
    TIM_ClearITPendingBit                    0x08002615   Thumb Code     6  stm32f4xx_tim.o(i.TIM_ClearITPendingBit)
    TIM_Cmd                                  0x0800261b   Thumb Code    20  stm32f4xx_tim.o(i.TIM_Cmd)
    TIM_CtrlPWMOutputs                       0x0800262f   Thumb Code    22  stm32f4xx_tim.o(i.TIM_CtrlPWMOutputs)
    TIM_DeInit                               0x08002645   Thumb Code   284  stm32f4xx_tim.o(i.TIM_DeInit)
    TIM_ForcedOC1Config                      0x08002795   Thumb Code    12  stm32f4xx_tim.o(i.TIM_ForcedOC1Config)
    TIM_GetCapture2                          0x080027a1   Thumb Code     4  stm32f4xx_tim.o(i.TIM_GetCapture2)
    TIM_GetCapture4                          0x080027a5   Thumb Code     4  stm32f4xx_tim.o(i.TIM_GetCapture4)
    TIM_GetITStatus                          0x080027a9   Thumb Code    24  stm32f4xx_tim.o(i.TIM_GetITStatus)
    TIM_ICInit                               0x080027c1   Thumb Code   172  stm32f4xx_tim.o(i.TIM_ICInit)
    TIM_ITConfig                             0x0800286d   Thumb Code    16  stm32f4xx_tim.o(i.TIM_ITConfig)
    TIM_Input_Config                         0x0800287d   Thumb Code   144  hw_config.o(i.TIM_Input_Config)
    TIM_Input_FreqCalculate                  0x08002911   Thumb Code    80  hw_config.o(i.TIM_Input_FreqCalculate)
    TIM_OC1Init                              0x0800296d   Thumb Code    88  stm32f4xx_tim.o(i.TIM_OC1Init)
    TIM_OC1PreloadConfig                     0x080029cd   Thumb Code    12  stm32f4xx_tim.o(i.TIM_OC1PreloadConfig)
    TIM_OCStructInit                         0x080029d9   Thumb Code    20  stm32f4xx_tim.o(i.TIM_OCStructInit)
    TIM_PrescalerConfig                      0x080029ed   Thumb Code     6  stm32f4xx_tim.o(i.TIM_PrescalerConfig)
    TIM_RemapConfig                          0x080029f3   Thumb Code     6  stm32f4xx_tim.o(i.TIM_RemapConfig)
    TIM_SetIC1Prescaler                      0x080029f9   Thumb Code    16  stm32f4xx_tim.o(i.TIM_SetIC1Prescaler)
    TIM_SetIC2Prescaler                      0x08002a09   Thumb Code    24  stm32f4xx_tim.o(i.TIM_SetIC2Prescaler)
    TIM_SetIC3Prescaler                      0x08002a21   Thumb Code    16  stm32f4xx_tim.o(i.TIM_SetIC3Prescaler)
    TIM_SetIC4Prescaler                      0x08002a31   Thumb Code    24  stm32f4xx_tim.o(i.TIM_SetIC4Prescaler)
    TIM_TimeBaseInit                         0x08002a49   Thumb Code    96  stm32f4xx_tim.o(i.TIM_TimeBaseInit)
    TIM_TimeBaseStructInit                   0x08002ac5   Thumb Code    18  stm32f4xx_tim.o(i.TIM_TimeBaseStructInit)
    TimingDelay_Decrement                    0x08002ad9   Thumb Code    16  hw_config.o(i.TimingDelay_Decrement)
    USART2_IRQHandler                        0x08002aed   Thumb Code   110  stm32f4xx_it.o(i.USART2_IRQHandler)
    USART_ClearITPendingBit                  0x08002b89   Thumb Code    12  stm32f4xx_usart.o(i.USART_ClearITPendingBit)
    USART_Cmd                                0x08002b95   Thumb Code    20  stm32f4xx_usart.o(i.USART_Cmd)
    USART_Config                             0x08002ba9   Thumb Code   210  hw_config.o(i.USART_Config)
    USART_GetFlagStatus                      0x08002c8d   Thumb Code    14  stm32f4xx_usart.o(i.USART_GetFlagStatus)
    USART_GetITStatus                        0x08002c9b   Thumb Code    62  stm32f4xx_usart.o(i.USART_GetITStatus)
    USART_ITConfig                           0x08002cd9   Thumb Code    48  stm32f4xx_usart.o(i.USART_ITConfig)
    USART_Init                               0x08002d09   Thumb Code   164  stm32f4xx_usart.o(i.USART_Init)
    USART_ReceiveData                        0x08002db5   Thumb Code     8  stm32f4xx_usart.o(i.USART_ReceiveData)
    USART_SendData                           0x08002dbd   Thumb Code     8  stm32f4xx_usart.o(i.USART_SendData)
    USART_Test                               0x08002dc5   Thumb Code    54  hw_config.o(i.USART_Test)
    UsageFault_Handler                       0x08002e09   Thumb Code     2  stm32f4xx_it.o(i.UsageFault_Handler)
    __0printf$8                              0x08002e0d   Thumb Code    22  printf8.o(i.__0printf$8)
    __1printf$8                              0x08002e0d   Thumb Code     0  printf8.o(i.__0printf$8)
    __2printf                                0x08002e0d   Thumb Code     0  printf8.o(i.__0printf$8)
    __0sprintf$8                             0x08002e2d   Thumb Code    34  printf8.o(i.__0sprintf$8)
    __1sprintf$8                             0x08002e2d   Thumb Code     0  printf8.o(i.__0sprintf$8)
    __2sprintf                               0x08002e2d   Thumb Code     0  printf8.o(i.__0sprintf$8)
    __scatterload_copy                       0x08002e55   Thumb Code    14  handlers.o(i.__scatterload_copy)
    __scatterload_null                       0x08002e63   Thumb Code     2  handlers.o(i.__scatterload_null)
    __scatterload_zeroinit                   0x08002e65   Thumb Code    14  handlers.o(i.__scatterload_zeroinit)
    eTaskGetState                            0x080032e1   Thumb Code    94  tasks.o(i.eTaskGetState)
    fputc                                    0x08003349   Thumb Code    30  hw_config.o(i.fputc)
    initBSP                                  0x0800336d   Thumb Code    92  hw_config.o(i.initBSP)
    main                                     0x080033cd   Thumb Code   248  main.o(i.main)
    pvPortMalloc                             0x08003a91   Thumb Code   220  heap_4.o(i.pvPortMalloc)
    pvTaskIncrementMutexHeldCount            0x08003b71   Thumb Code    18  tasks.o(i.pvTaskIncrementMutexHeldCount)
    pxPortInitialiseStack                    0x08003b89   Thumb Code    40  port.o(i.pxPortInitialiseStack)
    uxListRemove                             0x08003bb5   Thumb Code    36  list.o(i.uxListRemove)
    uxTaskGetSystemState                     0x08003bd9   Thumb Code   160  tasks.o(i.uxTaskGetSystemState)
    vApplicationIdleHook                     0x08003c81   Thumb Code    18  cpu_utils.o(i.vApplicationIdleHook)
    vApplicationMallocFailedHook             0x08003c99   Thumb Code    16  hw_config.o(i.vApplicationMallocFailedHook)
    vApplicationStackOverflowHook            0x08003ca9   Thumb Code    16  hw_config.o(i.vApplicationStackOverflowHook)
    vApplicationTickHook                     0x08003cb9   Thumb Code    50  cpu_utils.o(i.vApplicationTickHook)
    vListInitialise                          0x08003cf1   Thumb Code    22  list.o(i.vListInitialise)
    vListInitialiseItem                      0x08003d07   Thumb Code     6  list.o(i.vListInitialiseItem)
    vListInsert                              0x08003d0d   Thumb Code    48  list.o(i.vListInsert)
    vListInsertEnd                           0x08003d3d   Thumb Code    24  list.o(i.vListInsertEnd)
    vPortEnterCritical                       0x08003d55   Thumb Code    54  port.o(i.vPortEnterCritical)
    vPortExitCritical                        0x08003d95   Thumb Code    34  port.o(i.vPortExitCritical)
    vPortFree                                0x08003dbd   Thumb Code    88  heap_4.o(i.vPortFree)
    vPortSetupTimerInterrupt                 0x08003e19   Thumb Code    26  port.o(i.vPortSetupTimerInterrupt)
    vPortValidateInterruptPriority           0x08003e39   Thumb Code    74  port.o(i.vPortValidateInterruptPriority)
    vTask0InitUart                           0x08003e8d   Thumb Code    68  hw_config.o(i.vTask0InitUart)
    vTask10ADCFFT                            0x08003ed5   Thumb Code    76  hw_config.o(i.vTask10ADCFFT)
    vTask11ADCRAND                           0x08003f2d   Thumb Code    44  hw_config.o(i.vTask11ADCRAND)
    vTask12ButtonBebounce                    0x08003f59   Thumb Code    36  hw_config.o(i.vTask12ButtonBebounce)
    vTask13PWMModulation                     0x08003f7d   Thumb Code    36  hw_config.o(i.vTask13PWMModulation)
    vTask14BitFlag                           0x08003fa1   Thumb Code    46  hw_config.o(i.vTask14BitFlag)
    vTask1LogMsg                             0x08003fd5   Thumb Code    78  hw_config.o(i.vTask1LogMsg)
    vTask2RisingFlag                         0x08004051   Thumb Code    38  hw_config.o(i.vTask2RisingFlag)
    vTask3CreateSubTask                      0x0800407d   Thumb Code    14  hw_config.o(i.vTask3CreateSubTask)
    vTask3CreateTask                         0x08004091   Thumb Code    34  hw_config.o(i.vTask3CreateTask)
    vTask4SendPacket                         0x080040c9   Thumb Code    96  hw_config.o(i.vTask4SendPacket)
    vTask5RecvPacket                         0x0800412d   Thumb Code    40  hw_config.o(i.vTask5RecvPacket)
    vTask6Tasklist                           0x08004155   Thumb Code    38  hw_config.o(i.vTask6Tasklist)
    vTask7ADCAverage                         0x0800417b   Thumb Code    36  hw_config.o(i.vTask7ADCAverage)
    vTask8PWMAdjust                          0x080041a1   Thumb Code    82  hw_config.o(i.vTask8PWMAdjust)
    vTaskDelayUntil                          0x08004205   Thumb Code   132  tasks.o(i.vTaskDelayUntil)
    vTaskDelete                              0x08004291   Thumb Code   158  tasks.o(i.vTaskDelete)
    vTaskGetInfo                             0x0800433d   Thumb Code   128  tasks.o(i.vTaskGetInfo)
    vTaskList                                0x080043c1   Thumb Code   188  tasks.o(i.vTaskList)
    vTaskMissedYield                         0x08004491   Thumb Code     8  tasks.o(i.vTaskMissedYield)
    vTaskPlaceOnEventList                    0x0800449d   Thumb Code    44  tasks.o(i.vTaskPlaceOnEventList)
    vTaskPriorityInherit                     0x080044cd   Thumb Code   124  tasks.o(i.vTaskPriorityInherit)
    vTaskSetTimeOutState                     0x08004551   Thumb Code    30  tasks.o(i.vTaskSetTimeOutState)
    vTaskStartScheduler                      0x08004575   Thumb Code    86  tasks.o(i.vTaskStartScheduler)
    vTaskSuspendAll                          0x080045dd   Thumb Code    10  tasks.o(i.vTaskSuspendAll)
    vTaskSwitchContext                       0x080045ed   Thumb Code   136  tasks.o(i.vTaskSwitchContext)
    xPortGetFreeHeapSize                     0x0800467d   Thumb Code     6  heap_4.o(i.xPortGetFreeHeapSize)
    xPortStartScheduler                      0x08004689   Thumb Code   202  port.o(i.xPortStartScheduler)
    xQueueGenericCreate                      0x08004769   Thumb Code    82  queue.o(i.xQueueGenericCreate)
    xQueueGenericReceive                     0x080047bd   Thumb Code   332  queue.o(i.xQueueGenericReceive)
    xQueueGenericReset                       0x0800490d   Thumb Code   132  queue.o(i.xQueueGenericReset)
    xQueueGenericSend                        0x08004995   Thumb Code   320  queue.o(i.xQueueGenericSend)
    xQueueGiveFromISR                        0x08004ad9   Thumb Code   156  queue.o(i.xQueueGiveFromISR)
    xTaskCheckForTimeOut                     0x08004b75   Thumb Code   102  tasks.o(i.xTaskCheckForTimeOut)
    xTaskCreate                              0x08004be1   Thumb Code    86  tasks.o(i.xTaskCreate)
    xTaskGetCurrentTaskHandle                0x08004c39   Thumb Code     6  tasks.o(i.xTaskGetCurrentTaskHandle)
    xTaskGetTickCount                        0x08004c45   Thumb Code     6  tasks.o(i.xTaskGetTickCount)
    xTaskGetTickCountFromISR                 0x08004c51   Thumb Code    12  tasks.o(i.xTaskGetTickCountFromISR)
    xTaskIncrementTick                       0x08004c61   Thumb Code   202  tasks.o(i.xTaskIncrementTick)
    xTaskPriorityDisinherit                  0x08004d35   Thumb Code   144  tasks.o(i.xTaskPriorityDisinherit)
    xTaskRemoveFromEventList                 0x08004dcd   Thumb Code   108  tasks.o(i.xTaskRemoveFromEventList)
    xTaskResumeAll                           0x08004e41   Thumb Code   182  tasks.o(i.xTaskResumeAll)
    RGBColorTable                            0x08004f04   Data        1200  hw_config.o(.constdata)
    arm_cfft_sR_f32_len16                    0x080053c4   Data          16  arm_const_structs.o(.constdata)
    twiddleCoef_16                           0x080053d4   Data         128  arm_common_tables.o(.constdata)
    armBitRevIndexTable16                    0x08005454   Data          40  arm_common_tables.o(.constdata)
    Region$$Table$$Base                      0x080054cc   Number         0  anon$$obj.o(Region$$Table)
    Region$$Table$$Limit                     0x080054ec   Number         0  anon$$obj.o(Region$$Table)
    UartRxBuffer                             0x20000000   Data           1  hw_config.o(.data)
    UartRxFlag                               0x20000001   Data           1  hw_config.o(.data)
    Flag_Func                                0x20000002   Data           1  hw_config.o(.data)
    BitFlag                                  0x20000003   Data           1  hw_config.o(.data)
    uwCaptureNumber                          0x20000010   Data           4  hw_config.o(.data)
    uwPeriodValue                            0x20000014   Data           4  hw_config.o(.data)
    Cnt_Packet                               0x20000018   Data           4  hw_config.o(.data)
    Cnt_LogMsg                               0x2000001c   Data           4  hw_config.o(.data)
    IsBTN4Press                              0x20000020   Data           4  hw_config.o(.data)
    IsBTN4PressLong                          0x20000024   Data           4  hw_config.o(.data)
    uhICReadValue1                           0x20000028   Data           4  hw_config.o(.data)
    uhICReadValue2                           0x2000002c   Data           4  hw_config.o(.data)
    uhCaptureNumber                          0x20000030   Data           4  hw_config.o(.data)
    uwCapture                                0x20000034   Data           4  hw_config.o(.data)
    uwTIMFreq                                0x20000038   Data           4  hw_config.o(.data)
    Channel1Period                           0x2000003c   Data           4  hw_config.o(.data)
    uwTimingDelay                            0x20000044   Data           4  hw_config.o(.data)
    xTask3Sub                                0x20000048   Data           4  hw_config.o(.data)
    xSemaphore_UART                          0x2000004c   Data           4  hw_config.o(.data)
    gPacket                                  0x20000050   Data          36  hw_config.o(.data)
    SystemCoreClock                          0x20000080   Data           4  system_stm32f4xx.o(.data)
    AHBPrescTable                            0x20000084   Data          16  system_stm32f4xx.o(.data)
    __stdout                                 0x20000094   Data           4  debug.o(.data)
    After_filter                             0x20000098   Data           6  custom_adc.o(.data)
    IsBTNPress                               0x2000009e   Data           1  custom_button.o(.data)
    BTNState4                                0x200000a0   Data           4  custom_button.o(.data)
    pxCurrentTCB                             0x200000b4   Data           4  tasks.o(.data)
    xIdleHandle                              0x20000114   Data           4  cpu_utils.o(.data)
    osCPU_Usage                              0x20000118   Data           4  cpu_utils.o(.data)
    osCPU_IdleStartTime                      0x2000011c   Data           4  cpu_utils.o(.data)
    osCPU_IdleSpentTime                      0x20000120   Data           4  cpu_utils.o(.data)
    osCPU_TotalIdleTime                      0x20000124   Data           4  cpu_utils.o(.data)
    TIM1_OC1InitStructure                    0x20000130   Data          20  hw_config.o(.bss)
    TIM4_OC1InitStructure                    0x20000144   Data          20  hw_config.o(.bss)
    AD_Value                                 0x20000158   Data          96  custom_adc.o(.bss)
    Input                                    0x200001b8   Data         128  custom_adc.o(.bss)
    Output                                   0x20000238   Data          64  custom_adc.o(.bss)
    __initial_sp                             0x2000e340   Data           0  startup_stm32f401xx_heapadd.o(STACK)



==============================================================================

Memory Map of the image

  Image Entry point : 0x08000255

  Load Region LR_IROM1 (Base: 0x08000000, Size: 0x0000561c, Max: 0x00080000, ABSOLUTE, COMPRESSED[0x0000551c])

    Execution Region ER_IROM1 (Base: 0x08000000, Size: 0x000054ec, Max: 0x00080000, ABSOLUTE)

    Base Addr    Size         Type   Attr      Idx    E Section Name        Object

    0x08000000   0x00000194   Data   RO         5606    RESET               startup_stm32f401xx_heapadd.o
    0x08000194   0x000000c0   Code   RO         6750    . text              arm_cortexM4lf_math.lib(arm_bitreversal2.o)
    0x08000254   0x00000000   Code   RO         6780  * .ARM.Collect$$$$00000000  mc_w.l(entry.o)
    0x08000254   0x00000004   Code   RO         7106    .ARM.Collect$$$$00000001  mc_w.l(entry2.o)
    0x08000258   0x00000004   Code   RO         7109    .ARM.Collect$$$$00000004  mc_w.l(entry5.o)
    0x0800025c   0x00000000   Code   RO         7111    .ARM.Collect$$$$00000008  mc_w.l(entry7b.o)
    0x0800025c   0x00000000   Code   RO         7113    .ARM.Collect$$$$0000000A  mc_w.l(entry8b.o)
    0x0800025c   0x00000008   Code   RO         7114    .ARM.Collect$$$$0000000B  mc_w.l(entry9a.o)
    0x08000264   0x00000000   Code   RO         7116    .ARM.Collect$$$$0000000D  mc_w.l(entry10a.o)
    0x08000264   0x00000000   Code   RO         7118    .ARM.Collect$$$$0000000F  mc_w.l(entry11a.o)
    0x08000264   0x00000004   Code   RO         7107    .ARM.Collect$$$$00002712  mc_w.l(entry2.o)
    0x08000268   0x000000b6   Code   RO         6277    .emb_text           port.o
    0x0800031e   0x00000002   PAD
    0x08000320   0x00000024   Code   RO         5607    .text               startup_stm32f401xx_heapadd.o
    0x08000344   0x000000fc   Code   RO         6519    .text               arm_cortexM4lf_math.lib(arm_cmplx_mag_f32.o)
    0x08000440   0x00000722   Code   RO         6568    .text               arm_cortexM4lf_math.lib(arm_cfft_f32.o)
    0x08000b62   0x00000002   PAD
    0x08000b64   0x000000d8   Code   RO         6599    .text               arm_cortexM4lf_math.lib(arm_max_f32.o)
    0x08000c3c   0x00000090   Code   RO         6623    .text               arm_cortexM4lf_math.lib(arm_mean_f32.o)
    0x08000ccc   0x000004dc   Code   RO         6729    .text               arm_cortexM4lf_math.lib(arm_cfft_radix8_f32.o)
    0x080011a8   0x00000024   Code   RO         6785    .text               mc_w.l(rand.o)
    0x080011cc   0x00000024   Code   RO         6788    .text               mc_w.l(memcpya.o)
    0x080011f0   0x00000024   Code   RO         6790    .text               mc_w.l(memseta.o)
    0x08001214   0x0000000e   Code   RO         6792    .text               mc_w.l(strlen.o)
    0x08001222   0x00000012   Code   RO         6794    .text               mc_w.l(strcpy.o)
    0x08001234   0x00000062   Code   RO         7122    .text               mc_w.l(uldiv.o)
    0x08001296   0x00000020   Code   RO         7124    .text               mc_w.l(llushr.o)
    0x080012b6   0x00000002   PAD
    0x080012b8   0x00000024   Code   RO         7146    .text               mc_w.l(init.o)
    0x080012dc   0x0000001e   Code   RO         7148    .text               mc_w.l(llshl.o)
    0x080012fa   0x00000056   Code   RO         7164    .text               mc_w.l(__dczerorl2.o)
    0x08001350   0x00000014   Code   RO          938    i.ADC_Cmd           stm32f4xx_adc.o
    0x08001364   0x0000002c   Code   RO          939    i.ADC_CommonInit    stm32f4xx_adc.o
    0x08001390   0x00000014   Code   RO          942    i.ADC_DMACmd        stm32f4xx_adc.o
    0x080013a4   0x00000014   Code   RO          943    i.ADC_DMARequestAfterLastTransferCmd  stm32f4xx_adc.o
    0x080013b8   0x00000006   Code   RO          950    i.ADC_GetConversionValue  stm32f4xx_adc.o
    0x080013be   0x0000000e   Code   RO          951    i.ADC_GetFlagStatus  stm32f4xx_adc.o
    0x080013cc   0x0000004c   Code   RO          958    i.ADC_Init          stm32f4xx_adc.o
    0x08001418   0x00000088   Code   RO            4    i.ADC_Random_Config  hw_config.o
    0x080014a0   0x00000044   Code   RO            5    i.ADC_Random_GetSeed  hw_config.o
    0x080014e4   0x00000074   Code   RO          963    i.ADC_RegularChannelConfig  stm32f4xx_adc.o
    0x08001558   0x0000000a   Code   RO          965    i.ADC_SoftwareStartConv  stm32f4xx_adc.o
    0x08001562   0x00000002   PAD
    0x08001564   0x00000020   Code   RO            6    i.BitFlag_SwitchTest  hw_config.o
    0x08001584   0x00000002   Code   RO          612    i.BusFault_Handler  stm32f4xx_it.o
    0x08001586   0x00000002   PAD
    0x08001588   0x00000170   Code   RO          774    i.Custom_ADC_DMA_Config  custom_adc.o
    0x080016f8   0x00000040   Code   RO          775    i.Custom_ADC_Filter  custom_adc.o
    0x08001738   0x00000038   Code   RO          776    i.Custom_ADC_Filter_FFT  custom_adc.o
    0x08001770   0x00000028   Code   RO          777    i.Custom_ADC_Voltage  custom_adc.o
    0x08001798   0x0000003c   Code   RO          821    i.Custom_Button4PressedLong  custom_button.o
    0x080017d4   0x0000002c   Code   RO          823    i.Custom_Button4Read  custom_button.o
    0x08001800   0x00000034   Code   RO          824    i.Custom_ButtonConfig  custom_button.o
    0x08001834   0x00000010   Code   RO          825    i.Custom_ButtonDebounce  custom_button.o
    0x08001844   0x00000050   Code   RO          826    i.Custom_ButtonIRQ  custom_button.o
    0x08001894   0x00000030   Code   RO          613    i.DMA2_Stream0_IRQHandler  stm32f4xx_it.o
    0x080018c4   0x0000002c   Code   RO         1949    i.DMA_ClearITPendingBit  stm32f4xx_dma.o
    0x080018f0   0x00000014   Code   RO         1950    i.DMA_Cmd           stm32f4xx_dma.o
    0x08001904   0x0000000e   Code   RO         1955    i.DMA_GetCmdStatus  stm32f4xx_dma.o
    0x08001912   0x00000002   PAD
    0x08001914   0x00000054   Code   RO         1960    i.DMA_GetITStatus   stm32f4xx_dma.o
    0x08001968   0x0000002c   Code   RO         1961    i.DMA_ITConfig      stm32f4xx_dma.o
    0x08001994   0x00000054   Code   RO         1962    i.DMA_Init          stm32f4xx_dma.o
    0x080019e8   0x00000002   Code   RO          614    i.DebugMon_Handler  stm32f4xx_it.o
    0x080019ea   0x00000002   PAD
    0x080019ec   0x00000024   Code   RO         6465    i.EndIdleMonitor    cpu_utils.o
    0x08001a10   0x000000a2   Code   RO         2573    i.GPIO_Init         stm32f4xx_gpio.o
    0x08001ab2   0x00000020   Code   RO         2574    i.GPIO_PinAFConfig  stm32f4xx_gpio.o
    0x08001ad2   0x0000000e   Code   RO         2577    i.GPIO_ReadInputDataBit  stm32f4xx_gpio.o
    0x08001ae0   0x00000012   Code   RO         2582    i.GPIO_StructInit   stm32f4xx_gpio.o
    0x08001af2   0x00000008   Code   RO         2583    i.GPIO_ToggleBits   stm32f4xx_gpio.o
    0x08001afa   0x00000002   PAD
    0x08001afc   0x000000bc   Code   RO            9    i.GetLSIFrequency   hw_config.o
    0x08001bb8   0x00000002   Code   RO          615    i.HardFault_Handler  stm32f4xx_it.o
    0x08001bba   0x00000002   PAD
    0x08001bbc   0x00000044   Code   RO           10    i.IWDG_Config       hw_config.o
    0x08001c00   0x00000010   Code   RO         3091    i.IWDG_Enable       stm32f4xx_iwdg.o
    0x08001c10   0x00000010   Code   RO         3093    i.IWDG_ReloadCounter  stm32f4xx_iwdg.o
    0x08001c20   0x0000000c   Code   RO         3094    i.IWDG_SetPrescaler  stm32f4xx_iwdg.o
    0x08001c2c   0x0000000c   Code   RO         3095    i.IWDG_SetReload    stm32f4xx_iwdg.o
    0x08001c38   0x0000000c   Code   RO         3096    i.IWDG_WriteAccessCmd  stm32f4xx_iwdg.o
    0x08001c44   0x00000034   Code   RO           11    i.LED_Config        hw_config.o
    0x08001c78   0x00000002   Code   RO          616    i.MemManage_Handler  stm32f4xx_it.o
    0x08001c7a   0x00000002   PAD
    0x08001c7c   0x00000034   Code   RO           14    i.MixedLIghtLED1_Config  hw_config.o
    0x08001cb0   0x00000002   Code   RO          617    i.NMI_Handler       stm32f4xx_it.o
    0x08001cb2   0x00000002   PAD
    0x08001cb4   0x00000064   Code   RO          884    i.NVIC_Init         misc.o
    0x08001d18   0x00000014   Code   RO          885    i.NVIC_PriorityGroupConfig  misc.o
    0x08001d2c   0x000000d0   Code   RO           16    i.PWM_Modulation_Config  hw_config.o
    0x08001dfc   0x00000054   Code   RO           17    i.PWM_Modulation_Start  hw_config.o
    0x08001e50   0x000000dc   Code   RO           18    i.PWM_Output_Config  hw_config.o
    0x08001f2c   0x00000018   Code   RO         3493    i.RCC_AHB1PeriphClockCmd  stm32f4xx_rcc.o
    0x08001f44   0x00000018   Code   RO         3499    i.RCC_APB1PeriphClockCmd  stm32f4xx_rcc.o
    0x08001f5c   0x00000018   Code   RO         3501    i.RCC_APB1PeriphResetCmd  stm32f4xx_rcc.o
    0x08001f74   0x00000018   Code   RO         3502    i.RCC_APB2PeriphClockCmd  stm32f4xx_rcc.o
    0x08001f8c   0x00000018   Code   RO         3504    i.RCC_APB2PeriphResetCmd  stm32f4xx_rcc.o
    0x08001fa4   0x00000010   Code   RO         3507    i.RCC_ClearFlag     stm32f4xx_rcc.o
    0x08001fb4   0x00000090   Code   RO         3511    i.RCC_GetClocksFreq  stm32f4xx_rcc.o
    0x08002044   0x00000034   Code   RO         3512    i.RCC_GetFlagStatus  stm32f4xx_rcc.o
    0x08002078   0x0000000c   Code   RO         3522    i.RCC_LSICmd        stm32f4xx_rcc.o
    0x08002084   0x00000014   Code   RO         3526    i.RCC_PCLK1Config   stm32f4xx_rcc.o
    0x08002098   0x00000014   Code   RO           19    i.RecvPacket        hw_config.o
    0x080020ac   0x0000003c   Code   RO           20    i.SendPacket        hw_config.o
    0x080020e8   0x000000d4   Code   RO          719    i.SetSysClock       system_stm32f4xx.o
    0x080021bc   0x0000001c   Code   RO         6466    i.StartIdleMonitor  cpu_utils.o
    0x080021d8   0x00000214   Code   RO           21    i.SysTickConfig     hw_config.o
    0x080023ec   0x0000002c   Code   RO         6278    i.SysTick_Handler   port.o
    0x08002418   0x0000005c   Code   RO          721    i.SystemInit        system_stm32f4xx.o
    0x08002474   0x0000002e   Code   RO         4798    i.TI1_Config        stm32f4xx_tim.o
    0x080024a2   0x00000036   Code   RO         4799    i.TI2_Config        stm32f4xx_tim.o
    0x080024d8   0x00000028   Code   RO          621    i.TIM2_IRQHandler   stm32f4xx_it.o
    0x08002500   0x00000064   Code   RO           24    i.TIM3_Config       hw_config.o
    0x08002564   0x00000040   Code   RO          622    i.TIM3_IRQHandler   stm32f4xx_it.o
    0x080025a4   0x0000005c   Code   RO          623    i.TIM5_IRQHandler   stm32f4xx_it.o
    0x08002600   0x00000014   Code   RO         4803    i.TIM_CCPreloadControl  stm32f4xx_tim.o
    0x08002614   0x00000006   Code   RO         4807    i.TIM_ClearITPendingBit  stm32f4xx_tim.o
    0x0800261a   0x00000014   Code   RO         4812    i.TIM_Cmd           stm32f4xx_tim.o
    0x0800262e   0x00000016   Code   RO         4814    i.TIM_CtrlPWMOutputs  stm32f4xx_tim.o
    0x08002644   0x00000150   Code   RO         4817    i.TIM_DeInit        stm32f4xx_tim.o
    0x08002794   0x0000000c   Code   RO         4822    i.TIM_ForcedOC1Config  stm32f4xx_tim.o
    0x080027a0   0x00000004   Code   RO         4828    i.TIM_GetCapture2   stm32f4xx_tim.o
    0x080027a4   0x00000004   Code   RO         4830    i.TIM_GetCapture4   stm32f4xx_tim.o
    0x080027a8   0x00000018   Code   RO         4833    i.TIM_GetITStatus   stm32f4xx_tim.o
    0x080027c0   0x000000ac   Code   RO         4835    i.TIM_ICInit        stm32f4xx_tim.o
    0x0800286c   0x00000010   Code   RO         4837    i.TIM_ITConfig      stm32f4xx_tim.o
    0x0800287c   0x00000094   Code   RO           25    i.TIM_Input_Config  hw_config.o
    0x08002910   0x0000005c   Code   RO           26    i.TIM_Input_FreqCalculate  hw_config.o
    0x0800296c   0x00000060   Code   RO         4841    i.TIM_OC1Init       stm32f4xx_tim.o
    0x080029cc   0x0000000c   Code   RO         4844    i.TIM_OC1PreloadConfig  stm32f4xx_tim.o
    0x080029d8   0x00000014   Code   RO         4859    i.TIM_OCStructInit  stm32f4xx_tim.o
    0x080029ec   0x00000006   Code   RO         4861    i.TIM_PrescalerConfig  stm32f4xx_tim.o
    0x080029f2   0x00000006   Code   RO         4862    i.TIM_RemapConfig   stm32f4xx_tim.o
    0x080029f8   0x00000010   Code   RO         4879    i.TIM_SetIC1Prescaler  stm32f4xx_tim.o
    0x08002a08   0x00000018   Code   RO         4880    i.TIM_SetIC2Prescaler  stm32f4xx_tim.o
    0x08002a20   0x00000010   Code   RO         4881    i.TIM_SetIC3Prescaler  stm32f4xx_tim.o
    0x08002a30   0x00000018   Code   RO         4882    i.TIM_SetIC4Prescaler  stm32f4xx_tim.o
    0x08002a48   0x0000007c   Code   RO         4884    i.TIM_TimeBaseInit  stm32f4xx_tim.o
    0x08002ac4   0x00000012   Code   RO         4885    i.TIM_TimeBaseStructInit  stm32f4xx_tim.o
    0x08002ad6   0x00000002   PAD
    0x08002ad8   0x00000014   Code   RO           27    i.TimingDelay_Decrement  hw_config.o
    0x08002aec   0x0000009c   Code   RO          624    i.USART2_IRQHandler  stm32f4xx_it.o
    0x08002b88   0x0000000c   Code   RO         5350    i.USART_ClearITPendingBit  stm32f4xx_usart.o
    0x08002b94   0x00000014   Code   RO         5353    i.USART_Cmd         stm32f4xx_usart.o
    0x08002ba8   0x000000e4   Code   RO           31    i.USART_Config      hw_config.o
    0x08002c8c   0x0000000e   Code   RO         5356    i.USART_GetFlagStatus  stm32f4xx_usart.o
    0x08002c9a   0x0000003e   Code   RO         5357    i.USART_GetITStatus  stm32f4xx_usart.o
    0x08002cd8   0x00000030   Code   RO         5359    i.USART_ITConfig    stm32f4xx_usart.o
    0x08002d08   0x000000ac   Code   RO         5360    i.USART_Init        stm32f4xx_usart.o
    0x08002db4   0x00000008   Code   RO         5367    i.USART_ReceiveData  stm32f4xx_usart.o
    0x08002dbc   0x00000008   Code   RO         5370    i.USART_SendData    stm32f4xx_usart.o
    0x08002dc4   0x00000044   Code   RO           32    i.USART_Test        hw_config.o
    0x08002e08   0x00000002   Code   RO          625    i.UsageFault_Handler  stm32f4xx_it.o
    0x08002e0a   0x00000002   PAD
    0x08002e0c   0x00000020   Code   RO         7005    i.__0printf$8       mc_w.l(printf8.o)
    0x08002e2c   0x00000028   Code   RO         7007    i.__0sprintf$8      mc_w.l(printf8.o)
    0x08002e54   0x0000000e   Code   RO         7158    i.__scatterload_copy  mc_w.l(handlers.o)
    0x08002e62   0x00000002   Code   RO         7159    i.__scatterload_null  mc_w.l(handlers.o)
    0x08002e64   0x0000000e   Code   RO         7160    i.__scatterload_zeroinit  mc_w.l(handlers.o)
    0x08002e72   0x00000002   PAD
    0x08002e74   0x00000410   Code   RO         7012    i._printf_core      mc_w.l(printf8.o)
    0x08003284   0x00000024   Code   RO         7013    i._printf_post_padding  mc_w.l(printf8.o)
    0x080032a8   0x0000002e   Code   RO         7014    i._printf_pre_padding  mc_w.l(printf8.o)
    0x080032d6   0x0000000a   Code   RO         7016    i._sputc            mc_w.l(printf8.o)
    0x080032e0   0x00000068   Code   RO         5946    i.eTaskGetState     tasks.o
    0x08003348   0x00000024   Code   RO           34    i.fputc             hw_config.o
    0x0800336c   0x00000060   Code   RO           35    i.initBSP           hw_config.o
    0x080033cc   0x00000204   Code   RO          565    i.main              main.o
    0x080035d0   0x00000070   Code   RO         5948    i.prvAddCurrentTaskToDelayedList  tasks.o
    0x08003640   0x000000d0   Code   RO         5949    i.prvAddNewTaskToReadyList  tasks.o
    0x08003710   0x00000050   Code   RO         5950    i.prvCheckTasksWaitingTermination  tasks.o
    0x08003760   0x00000026   Code   RO         5768    i.prvCopyDataFromQueue  queue.o
    0x08003786   0x0000006c   Code   RO         5769    i.prvCopyDataToQueue  queue.o
    0x080037f2   0x00000014   Code   RO         5951    i.prvDeleteTCB      tasks.o
    0x08003806   0x00000002   PAD
    0x08003808   0x0000004c   Code   RO         6354    i.prvHeapInit       heap_4.o
    0x08003854   0x0000002c   Code   RO         5952    i.prvIdleTask       tasks.o
    0x08003880   0x0000009c   Code   RO         5953    i.prvInitialiseNewTask  tasks.o
    0x0800391c   0x0000004c   Code   RO         6355    i.prvInsertBlockIntoFreeList  heap_4.o
    0x08003968   0x0000001c   Code   RO         5770    i.prvIsQueueEmpty   queue.o
    0x08003984   0x00000058   Code   RO         5954    i.prvListTasksWithinSingleList  tasks.o
    0x080039dc   0x00000020   Code   RO         5955    i.prvResetNextTaskUnblockTime  tasks.o
    0x080039fc   0x00000028   Code   RO         6279    i.prvTaskExitError  port.o
    0x08003a24   0x0000006a   Code   RO         5771    i.prvUnlockQueue    queue.o
    0x08003a8e   0x00000002   PAD
    0x08003a90   0x000000e0   Code   RO         6356    i.pvPortMalloc      heap_4.o
    0x08003b70   0x00000018   Code   RO         5957    i.pvTaskIncrementMutexHeldCount  tasks.o
    0x08003b88   0x0000002c   Code   RO         6280    i.pxPortInitialiseStack  port.o
    0x08003bb4   0x00000024   Code   RO         5731    i.uxListRemove      list.o
    0x08003bd8   0x000000a8   Code   RO         5960    i.uxTaskGetSystemState  tasks.o
    0x08003c80   0x00000018   Code   RO         6468    i.vApplicationIdleHook  cpu_utils.o
    0x08003c98   0x00000010   Code   RO           36    i.vApplicationMallocFailedHook  hw_config.o
    0x08003ca8   0x00000010   Code   RO           37    i.vApplicationStackOverflowHook  hw_config.o
    0x08003cb8   0x00000038   Code   RO         6469    i.vApplicationTickHook  cpu_utils.o
    0x08003cf0   0x00000016   Code   RO         5732    i.vListInitialise   list.o
    0x08003d06   0x00000006   Code   RO         5733    i.vListInitialiseItem  list.o
    0x08003d0c   0x00000030   Code   RO         5734    i.vListInsert       list.o
    0x08003d3c   0x00000018   Code   RO         5735    i.vListInsertEnd    list.o
    0x08003d54   0x00000040   Code   RO         6282    i.vPortEnterCritical  port.o
    0x08003d94   0x00000028   Code   RO         6283    i.vPortExitCritical  port.o
    0x08003dbc   0x0000005c   Code   RO         6357    i.vPortFree         heap_4.o
    0x08003e18   0x00000020   Code   RO         6284    i.vPortSetupTimerInterrupt  port.o
    0x08003e38   0x00000054   Code   RO         6285    i.vPortValidateInterruptPriority  port.o
    0x08003e8c   0x00000048   Code   RO           40    i.vTask0InitUart    hw_config.o
    0x08003ed4   0x00000058   Code   RO           41    i.vTask10ADCFFT     hw_config.o
    0x08003f2c   0x0000002c   Code   RO           42    i.vTask11ADCRAND    hw_config.o
    0x08003f58   0x00000024   Code   RO           43    i.vTask12ButtonBebounce  hw_config.o
    0x08003f7c   0x00000024   Code   RO           44    i.vTask13PWMModulation  hw_config.o
    0x08003fa0   0x00000034   Code   RO           45    i.vTask14BitFlag    hw_config.o
    0x08003fd4   0x0000007c   Code   RO           47    i.vTask1LogMsg      hw_config.o
    0x08004050   0x0000002c   Code   RO           48    i.vTask2RisingFlag  hw_config.o
    0x0800407c   0x00000014   Code   RO           49    i.vTask3CreateSubTask  hw_config.o
    0x08004090   0x00000038   Code   RO           50    i.vTask3CreateTask  hw_config.o
    0x080040c8   0x00000064   Code   RO           51    i.vTask4SendPacket  hw_config.o
    0x0800412c   0x00000028   Code   RO           52    i.vTask5RecvPacket  hw_config.o
    0x08004154   0x00000026   Code   RO           53    i.vTask6Tasklist    hw_config.o
    0x0800417a   0x00000024   Code   RO           54    i.vTask7ADCAverage  hw_config.o
    0x0800419e   0x00000002   PAD
    0x080041a0   0x00000064   Code   RO           55    i.vTask8PWMAdjust   hw_config.o
    0x08004204   0x0000008c   Code   RO         5966    i.vTaskDelayUntil   tasks.o
    0x08004290   0x000000ac   Code   RO         5967    i.vTaskDelete       tasks.o
    0x0800433c   0x00000084   Code   RO         5969    i.vTaskGetInfo      tasks.o
    0x080043c0   0x000000d0   Code   RO         5970    i.vTaskList         tasks.o
    0x08004490   0x0000000c   Code   RO         5971    i.vTaskMissedYield  tasks.o
    0x0800449c   0x00000030   Code   RO         5973    i.vTaskPlaceOnEventList  tasks.o
    0x080044cc   0x00000084   Code   RO         5975    i.vTaskPriorityInherit  tasks.o
    0x08004550   0x00000024   Code   RO         5979    i.vTaskSetTimeOutState  tasks.o
    0x08004574   0x00000068   Code   RO         5980    i.vTaskStartScheduler  tasks.o
    0x080045dc   0x00000010   Code   RO         5982    i.vTaskSuspendAll   tasks.o
    0x080045ec   0x00000090   Code   RO         5983    i.vTaskSwitchContext  tasks.o
    0x0800467c   0x0000000c   Code   RO         6359    i.xPortGetFreeHeapSize  heap_4.o
    0x08004688   0x000000e0   Code   RO         6286    i.xPortStartScheduler  port.o
    0x08004768   0x00000052   Code   RO         5783    i.xQueueGenericCreate  queue.o
    0x080047ba   0x00000002   PAD
    0x080047bc   0x00000150   Code   RO         5784    i.xQueueGenericReceive  queue.o
    0x0800490c   0x00000088   Code   RO         5785    i.xQueueGenericReset  queue.o
    0x08004994   0x00000144   Code   RO         5786    i.xQueueGenericSend  queue.o
    0x08004ad8   0x0000009c   Code   RO         5788    i.xQueueGiveFromISR  queue.o
    0x08004b74   0x0000006c   Code   RO         5984    i.xTaskCheckForTimeOut  tasks.o
    0x08004be0   0x00000056   Code   RO         5985    i.xTaskCreate       tasks.o
    0x08004c36   0x00000002   PAD
    0x08004c38   0x0000000c   Code   RO         5988    i.xTaskGetCurrentTaskHandle  tasks.o
    0x08004c44   0x0000000c   Code   RO         5989    i.xTaskGetTickCount  tasks.o
    0x08004c50   0x00000010   Code   RO         5990    i.xTaskGetTickCountFromISR  tasks.o
    0x08004c60   0x000000d4   Code   RO         5991    i.xTaskIncrementTick  tasks.o
    0x08004d34   0x00000098   Code   RO         5994    i.xTaskPriorityDisinherit  tasks.o
    0x08004dcc   0x00000074   Code   RO         5995    i.xTaskRemoveFromEventList  tasks.o
    0x08004e40   0x000000c4   Code   RO         5997    i.xTaskResumeAll    tasks.o
    0x08004f04   0x000004be   Data   RO           58    .constdata          hw_config.o
    0x080053c2   0x00000002   PAD
    0x080053c4   0x00000010   Data   RO         6409    .constdata          arm_const_structs.o
    0x080053d4   0x00000080   Data   RO         6648    .constdata          arm_cortexM4lf_math.lib(arm_common_tables.o)
    0x08005454   0x00000028   Data   RO         6677    .constdata          arm_cortexM4lf_math.lib(arm_common_tables.o)
    0x0800547c   0x0000004e   Data   RO           59    .conststring        hw_config.o
    0x080054ca   0x00000002   PAD
    0x080054cc   0x00000020   Data   RO         7156    Region$$Table       anon$$obj.o


    Execution Region RW_IRAM1 (Base: 0x20000000, Size: 0x0000e340, Max: 0x00020000, ABSOLUTE, COMPRESSED[0x00000030])

    Base Addr    Size         Type   Attr      Idx    E Section Name        Object

    0x20000000   0x00000074   Data   RW           60    .data               hw_config.o
    0x20000074   0x0000000c   Data   RW          626    .data               stm32f4xx_it.o
    0x20000080   0x00000014   Data   RW          722    .data               system_stm32f4xx.o
    0x20000094   0x00000004   Data   RW          757    .data               debug.o
    0x20000098   0x00000006   Data   RW          780    .data               custom_adc.o
    0x2000009e   0x00000006   Data   RW          831    .data               custom_button.o
    0x200000a4   0x00000010   Data   RW         3541    .data               stm32f4xx_rcc.o
    0x200000b4   0x0000003c   Data   RW         6000    .data               tasks.o
    0x200000f0   0x0000000c   Data   RW         6287    .data               port.o
    0x200000fc   0x00000018   Data   RW         6362    .data               heap_4.o
    0x20000114   0x00000018   Data   RW         6470    .data               cpu_utils.o
    0x2000012c   0x00000004   Data   RW         6786    .data               mc_w.l(rand.o)
    0x20000130   0x00000028   Zero   RW           57    .bss                hw_config.o
    0x20000158   0x000000e0   Zero   RW          778    .bss                custom_adc.o
    0x20000238   0x00000040   Zero   RW          779    .bss                custom_adc.o
    0x20000278   0x000000c8   Zero   RW         5999    .bss                tasks.o
    0x20000340   0x0000c000   Zero   RW         6361    .bss                heap_4.o
    0x2000c340   0x00002000   Zero   RW         5604    STACK               startup_stm32f401xx_heapadd.o


==============================================================================

Image component sizes


      Code (inc. data)   RO Data    RW Data    ZI Data      Debug   Object Name

         0          0         16          0          0       2479   arm_const_structs.o
       144         22          0         24          0       3336   cpu_utils.o
       528         74          0          6        288       3618   custom_adc.o
       252         58          0          6          0       4101   custom_button.o
         0          0          0          4          0       1826   debug.o
         0          0          0          0          0       9748   event_groups.o
       480         28          0         24      49152       5558   heap_4.o
      3426        564       1292        116         40     364886   hw_config.o
       136          0          0          0          0       3706   list.o
       516        268          0          0          0       8887   main.o
       120         14          0          0          0       1883   misc.o
       754         84          0         12          0      12593   port.o
      1314         12          0          0          0      13794   queue.o
        36          8        404          0       8192        912   startup_stm32f401xx_heapadd.o
       326         20          0          0          0       7708   stm32f4xx_adc.o
       290         32          0          0          0       5737   stm32f4xx_dma.o
       234          0          0          0          0       4099   stm32f4xx_gpio.o
       412         88          0         12          0       6981   stm32f4xx_it.o
        68         30          0          0          0       3190   stm32f4xx_iwdg.o
       364         64          0         16          0       9456   stm32f4xx_rcc.o
      1098         88          0          0          0      18546   stm32f4xx_tim.o
       344          8          0          0          0       6847   stm32f4xx_usart.o
       304         44          0         20          0       2193   system_stm32f4xx.o
      3090        234          0         60        200      29900   tasks.o

    ----------------------------------------------------------------------
     14268       1740       1748        300      57872     531984   Object Totals
         0          0         32          0          0          0   (incl. Generated)
        32          0          4          0          0          0   (incl. Padding)

    ----------------------------------------------------------------------

      Code (inc. data)   RO Data    RW Data    ZI Data      Debug   Library Member Name

       192          0          0          0          0        528   arm_bitreversal2.o
      1826          0          0          0          0      16853   arm_cfft_f32.o
      1244          4          0          0          0       2395   arm_cfft_radix8_f32.o
       252          6          0          0          0      17360   arm_cmplx_mag_f32.o
         0          0        168          0          0       4636   arm_common_tables.o
       216          0          0          0          0       1286   arm_max_f32.o
       144          6          0          0          0        783   arm_mean_f32.o
        86          0          0          0          0          0   __dczerorl2.o
         0          0          0          0          0          0   entry.o
         0          0          0          0          0          0   entry10a.o
         0          0          0          0          0          0   entry11a.o
         8          4          0          0          0          0   entry2.o
         4          0          0          0          0          0   entry5.o
         0          0          0          0          0          0   entry7b.o
         0          0          0          0          0          0   entry8b.o
         8          4          0          0          0          0   entry9a.o
        30          0          0          0          0          0   handlers.o
        36          8          0          0          0         68   init.o
        30          0          0          0          0         68   llshl.o
        32          0          0          0          0         68   llushr.o
        36          0          0          0          0         68   memcpya.o
        36          0          0          0          0        108   memseta.o
      1204         60          0          0          0        504   printf8.o
        36         10          0          4          0        136   rand.o
        18          0          0          0          0         68   strcpy.o
        14          0          0          0          0         68   strlen.o
        98          0          0          0          0         92   uldiv.o

    ----------------------------------------------------------------------
      5556        102        168          4          0      45089   Library Totals
         6          0          0          0          0          0   (incl. Padding)

    ----------------------------------------------------------------------

      Code (inc. data)   RO Data    RW Data    ZI Data      Debug   Library Name

      3874         16        168          0          0      43841   arm_cortexM4lf_math.lib
      1676         86          0          4          0       1248   mc_w.l

    ----------------------------------------------------------------------
      5556        102        168          4          0      45089   Library Totals

    ----------------------------------------------------------------------

==============================================================================


      Code (inc. data)   RO Data    RW Data    ZI Data      Debug   

     19824       1842       1916        304      57872     557885   Grand Totals
     19824       1842       1916         48      57872     557885   ELF Image Totals (compressed)
     19824       1842       1916         48          0          0   ROM Totals

==============================================================================

    Total RO  Size (Code + RO Data)                21740 (  21.23kB)
    Total RW  Size (RW Data + ZI Data)             58176 (  56.81kB)
    Total ROM Size (Code + RO Data + RW Data)      21788 (  21.28kB)

==============================================================================

