<html>
<body>
<pre>
<h1>µVision Build Log</h1>
<h2>Tool Versions:</h2>
IDE-Version: £gVision V5.14.0.0
Copyright (C) 2015 ARM Ltd and ARM Germany GmbH. All rights reserved.
License Information: Avery Chen WTMEC Flex license: MDK-ARM Professional: 4 user(s) (mdk_pro) Support: Oct 2017
 
Tool Versions:
Toolchain:       MDK-ARM Professional: 4 user(s)  Version: 5.14.0.0
Toolchain Path:  C:\Keil_v5\ARM\ARMCC\Bin
C Compiler:      Armcc.exe V5.05 update 1 (build 106)
Assembler:       Armasm.exe V5.05 update 1 (build 106)
Linker/Locator:  ArmLink.exe V5.05 update 1 (build 106)
Library Manager: ArmAr.exe V5.05 update 1 (build 106)
Hex Converter:   FromElf.exe V5.05 update 1 (build 106)
CPU DLL:         SARMCM3.DLL V5.14.0.0
Dialog DLL:      DCM.DLL V1.13.1.0
Target DLL:      STLink\ST-LINKIII-KEIL_SWO.dll V2.0.14.0_KEIL
Dialog DLL:      TCM.DLL V1.14.4.0
 
<h2>Project:</h2>
D:\SourceCode\_Avery_STM32F40X\STM32F401_DSP_StdPeriph_Lib_V1.6.0_FreeRTOS\Project\STM32F4xx_StdPeriph_Templates\MDK-ARM\Project.uvprojx
Project File Date:  10/27/2016

<h2>Output:</h2>
Build target 'STM32F401'
compiling Hw_config.c...
compiling main.c...
compiling stm32f4xx_it.c...
compiling cpu_utils.c...
linking...
Program Size: Code=19824 RO-data=1916 RW-data=304 ZI-data=57872  
FromELF: creating hex file...
After Build - User command #1: C:\Keil_v5\\ARM\ARMCC\bin\fromelf.exe --bin --output=STM32F401xx.bin .\Objects\STM32F401xx.axf
".\Objects\STM32F401xx.axf" - 0 Error(s), 0 Warning(s).

<h2>Collection of Component include folders:</h2>
  D:\SourceCode\_Avery_STM32F40X\STM32F401_DSP_StdPeriph_Lib_V1.6.0_FreeRTOS\Project\STM32F4xx_StdPeriph_Templates\MDK-ARM\RTE
  C:\Keil_v5\ARM\PACK\Keil\STM32F4xx_DFP\2.9.0

<h2>Collection of Component Files used:</h2>
</pre>
</body>
</html>
